2026-06-08 22:45:22,069 [INFO] Resolved time_key: 20231001
2026-06-08 22:45:22,070 [INFO] Archive URL: https://app.data.gov.hk/v1/historical-archive/get-file?url=https%3A%2F%2Fdata.weather.gov.hk%2FweatherAPI%2Fhko_data%2FF3%2FGridded_rainfall_nowcast.csv&time=20231001
2026-06-08 22:45:22,070 [INFO] Verify SSL: True
2026-06-08 22:45:22,070 [INFO] Station lat/lon: 22.3019, 114.1742; radius_km=5.00
2026-06-08 22:45:22,071 [INFO] Downloading: https://app.data.gov.hk/v1/historical-archive/get-file?url=https%3A%2F%2Fdata.weather.gov.hk%2FweatherAPI%2Fhko_data%2FF3%2FGridded_rainfall_nowcast.csv&time=20231001
2026-06-08 22:45:47,408 [INFO] Download result: {'status': 'downloaded', 'http_status': 200, 'zip_path': 'data\\raw_zip\\rainfall_nowcast\\gridded_rainfall_nowcast_20231001.zip', 'size_bytes': 584806632, 'url': 'https://app.data.gov.hk/v1/historical-archive/get-file?url=https%3A%2F%2Fdata.weather.gov.hk%2FweatherAPI%2Fhko_data%2FF3%2FGridded_rainfall_nowcast.csv&time=20231001'}
2026-06-08 22:45:47,433 [INFO] ZIP members selected: 2968
2026-06-08 22:46:07,932 [INFO] Processed members: 100/2968
2026-06-08 22:46:28,693 [INFO] Processed members: 200/2968
2026-06-08 22:46:50,249 [INFO] Processed members: 300/2968
2026-06-08 22:47:11,693 [INFO] Processed members: 400/2968
2026-06-08 22:47:33,971 [INFO] Processed members: 500/2968
2026-06-08 22:47:55,077 [INFO] Processed members: 600/2968
2026-06-08 22:48:16,291 [INFO] Processed members: 700/2968
2026-06-08 22:48:39,383 [INFO] Processed members: 800/2968
2026-06-08 22:49:01,356 [INFO] Processed members: 900/2968
2026-06-08 22:49:22,729 [INFO] Processed members: 1000/2968
2026-06-08 22:49:43,475 [INFO] Processed members: 1100/2968
2026-06-08 22:50:08,654 [INFO] Processed members: 1200/2968
2026-06-08 22:50:29,785 [INFO] Processed members: 1300/2968
2026-06-08 22:50:50,620 [INFO] Processed members: 1400/2968
2026-06-08 22:51:11,521 [INFO] Processed members: 1500/2968
2026-06-08 22:51:32,245 [INFO] Processed members: 1600/2968
2026-06-08 22:51:53,576 [INFO] Processed members: 1700/2968
2026-06-08 22:52:15,055 [INFO] Processed members: 1800/2968
2026-06-08 22:52:36,665 [INFO] Processed members: 1900/2968
2026-06-08 22:52:58,409 [INFO] Processed members: 2000/2968
2026-06-08 22:53:21,511 [INFO] Processed members: 2100/2968
2026-06-08 22:53:44,479 [INFO] Processed members: 2200/2968
2026-06-08 22:54:07,767 [INFO] Processed members: 2300/2968
2026-06-08 22:54:28,524 [INFO] Processed members: 2400/2968
2026-06-08 22:54:51,066 [INFO] Processed members: 2500/2968
2026-06-08 22:55:15,182 [INFO] Processed members: 2600/2968
2026-06-08 22:55:40,331 [INFO] Processed members: 2700/2968
2026-06-08 22:56:05,318 [INFO] Processed members: 2800/2968
2026-06-08 22:56:24,472 [INFO] Processed members: 2900/2968
2026-06-08 22:56:38,123 [INFO] Summary: {'status': 'completed', 'archive_id': '20231001', 'resolved_time_key': '20231001', 'download_result': {'status': 'downloaded', 'http_status': 200, 'zip_path': 'data\\raw_zip\\rainfall_nowcast\\gridded_rainfall_nowcast_20231001.zip', 'size_bytes': 584806632, 'url': 'https://app.data.gov.hk/v1/historical-archive/get-file?url=https%3A%2F%2Fdata.weather.gov.hk%2FweatherAPI%2Fhko_data%2FF3%2FGridded_rainfall_nowcast.csv&time=20231001'}, 'station_lat': 22.301944444444445, 'station_lon': 114.17416666666666, 'radius_km': 5.0, 'member_count': 2968, 'member_status_counts': {'processed': 2968}, 'long_rows': 11872, 'wide_rows': 2966, 'manifest_path': 'reports\\rainfall_nowcast\\member_manifest_20231001.parquet', 'nearest_grid_path': 'reports\\rainfall_nowcast\\nearest_hko_grid_points_20231001.csv', 'long_features_path': 'data\\features\\rainfall_nowcast\\rainfall_nowcast_station_features_long_20231001.parquet', 'wide_features_path': 'data\\features\\rainfall_nowcast\\rainfall_nowcast_station_features_wide_20231001.parquet'}
2026-06-08 22:56:38,156 [INFO] Deleted ZIP because --keep-zip was not set: data\raw_zip\rainfall_nowcast\gridded_rainfall_nowcast_20231001.zip
