2026-06-08 21:53:28,195 [INFO] Resolved time_key: 20240701
2026-06-08 21:53:28,195 [INFO] Archive URL: https://app.data.gov.hk/v1/historical-archive/get-file?url=https%3A%2F%2Fdata.weather.gov.hk%2FweatherAPI%2Fhko_data%2FF3%2FGridded_rainfall_nowcast.csv&time=20240701
2026-06-08 21:53:28,196 [INFO] Verify SSL: True
2026-06-08 21:53:28,196 [INFO] Station lat/lon: 22.3019, 114.1742; radius_km=5.00
2026-06-08 21:53:28,197 [INFO] Downloading: https://app.data.gov.hk/v1/historical-archive/get-file?url=https%3A%2F%2Fdata.weather.gov.hk%2FweatherAPI%2Fhko_data%2FF3%2FGridded_rainfall_nowcast.csv&time=20240701
2026-06-08 21:54:13,145 [INFO] Download result: {'status': 'downloaded', 'http_status': 200, 'zip_path': 'data\\raw_zip\\rainfall_nowcast\\gridded_rainfall_nowcast_20240701.zip', 'size_bytes': 589945123, 'url': 'https://app.data.gov.hk/v1/historical-archive/get-file?url=https%3A%2F%2Fdata.weather.gov.hk%2FweatherAPI%2Fhko_data%2FF3%2FGridded_rainfall_nowcast.csv&time=20240701'}
2026-06-08 21:54:13,169 [INFO] ZIP members selected: 2976
2026-06-08 21:54:37,887 [INFO] Processed members: 100/2976
2026-06-08 21:55:01,542 [INFO] Processed members: 200/2976
2026-06-08 21:55:26,432 [INFO] Processed members: 300/2976
2026-06-08 21:55:50,103 [INFO] Processed members: 400/2976
2026-06-08 21:56:15,927 [INFO] Processed members: 500/2976
2026-06-08 21:56:41,803 [INFO] Processed members: 600/2976
2026-06-08 21:57:07,585 [INFO] Processed members: 700/2976
2026-06-08 21:57:33,241 [INFO] Processed members: 800/2976
2026-06-08 21:57:59,698 [INFO] Processed members: 900/2976
2026-06-08 21:58:25,405 [INFO] Processed members: 1000/2976
2026-06-08 21:58:51,634 [INFO] Processed members: 1100/2976
2026-06-08 21:59:17,847 [INFO] Processed members: 1200/2976
2026-06-08 21:59:43,898 [INFO] Processed members: 1300/2976
2026-06-08 22:00:10,050 [INFO] Processed members: 1400/2976
2026-06-08 22:00:36,071 [INFO] Processed members: 1500/2976
2026-06-08 22:01:02,292 [INFO] Processed members: 1600/2976
2026-06-08 22:01:27,922 [INFO] Processed members: 1700/2976
2026-06-08 22:01:53,781 [INFO] Processed members: 1800/2976
2026-06-08 22:02:19,663 [INFO] Processed members: 1900/2976
2026-06-08 22:02:45,466 [INFO] Processed members: 2000/2976
2026-06-08 22:03:11,550 [INFO] Processed members: 2100/2976
2026-06-08 22:03:37,618 [INFO] Processed members: 2200/2976
2026-06-08 22:04:03,489 [INFO] Processed members: 2300/2976
2026-06-08 22:04:30,510 [INFO] Processed members: 2400/2976
2026-06-08 22:04:57,078 [INFO] Processed members: 2500/2976
2026-06-08 22:05:23,395 [INFO] Processed members: 2600/2976
2026-06-08 22:05:49,418 [INFO] Processed members: 2700/2976
2026-06-08 22:06:16,774 [INFO] Processed members: 2800/2976
2026-06-08 22:06:42,284 [INFO] Processed members: 2900/2976
2026-06-08 22:07:02,707 [INFO] Summary: {'status': 'completed', 'archive_id': '20240701', 'resolved_time_key': '20240701', 'download_result': {'status': 'downloaded', 'http_status': 200, 'zip_path': 'data\\raw_zip\\rainfall_nowcast\\gridded_rainfall_nowcast_20240701.zip', 'size_bytes': 589945123, 'url': 'https://app.data.gov.hk/v1/historical-archive/get-file?url=https%3A%2F%2Fdata.weather.gov.hk%2FweatherAPI%2Fhko_data%2FF3%2FGridded_rainfall_nowcast.csv&time=20240701'}, 'station_lat': 22.301944444444445, 'station_lon': 114.17416666666666, 'radius_km': 5.0, 'member_count': 2976, 'member_status_counts': {'processed': 2974, 'failed': 2}, 'long_rows': 11872, 'wide_rows': 2970, 'manifest_path': 'reports\\rainfall_nowcast\\member_manifest_20240701.parquet', 'nearest_grid_path': 'reports\\rainfall_nowcast\\nearest_hko_grid_points_20240701.csv', 'long_features_path': 'data\\features\\rainfall_nowcast\\rainfall_nowcast_station_features_long_20240701.parquet', 'wide_features_path': 'data\\features\\rainfall_nowcast\\rainfall_nowcast_station_features_wide_20240701.parquet'}
2026-06-08 22:07:02,752 [INFO] Deleted ZIP because --keep-zip was not set: data\raw_zip\rainfall_nowcast\gridded_rainfall_nowcast_20240701.zip
