2026-06-08 22:13:37,623 [INFO] Resolved time_key: 20241001
2026-06-08 22:13:37,624 [INFO] Archive URL: https://app.data.gov.hk/v1/historical-archive/get-file?url=https%3A%2F%2Fdata.weather.gov.hk%2FweatherAPI%2Fhko_data%2FF3%2FGridded_rainfall_nowcast.csv&time=20241001
2026-06-08 22:13:37,624 [INFO] Verify SSL: True
2026-06-08 22:13:37,624 [INFO] Station lat/lon: 22.3019, 114.1742; radius_km=5.00
2026-06-08 22:13:37,624 [INFO] Downloading: https://app.data.gov.hk/v1/historical-archive/get-file?url=https%3A%2F%2Fdata.weather.gov.hk%2FweatherAPI%2Fhko_data%2FF3%2FGridded_rainfall_nowcast.csv&time=20241001
2026-06-08 22:13:57,173 [INFO] Resolved time_key: 20241001
2026-06-08 22:13:57,173 [INFO] Archive URL: https://app.data.gov.hk/v1/historical-archive/get-file?url=https%3A%2F%2Fdata.weather.gov.hk%2FweatherAPI%2Fhko_data%2FF3%2FGridded_rainfall_nowcast.csv&time=20241001
2026-06-08 22:13:57,174 [INFO] Verify SSL: True
2026-06-08 22:13:57,174 [INFO] Station lat/lon: 22.3019, 114.1742; radius_km=5.00
2026-06-08 22:13:57,175 [INFO] Downloading: https://app.data.gov.hk/v1/historical-archive/get-file?url=https%3A%2F%2Fdata.weather.gov.hk%2FweatherAPI%2Fhko_data%2FF3%2FGridded_rainfall_nowcast.csv&time=20241001
2026-06-08 22:14:02,964 [INFO] Download result: {'status': 'downloaded', 'http_status': 200, 'zip_path': 'data\\raw_zip\\rainfall_nowcast\\gridded_rainfall_nowcast_20241001.zip', 'size_bytes': 542013327, 'url': 'https://app.data.gov.hk/v1/historical-archive/get-file?url=https%3A%2F%2Fdata.weather.gov.hk%2FweatherAPI%2Fhko_data%2FF3%2FGridded_rainfall_nowcast.csv&time=20241001'}
2026-06-08 22:14:02,998 [INFO] ZIP members selected: 2976
2026-06-08 22:14:32,891 [INFO] Processed members: 100/2976
2026-06-08 22:15:03,593 [INFO] Processed members: 200/2976
2026-06-08 22:15:34,385 [INFO] Processed members: 300/2976
2026-06-08 22:16:04,642 [INFO] Processed members: 400/2976
2026-06-08 22:16:42,987 [INFO] Processed members: 500/2976
2026-06-08 22:17:16,461 [INFO] Processed members: 600/2976
2026-06-08 22:17:50,391 [INFO] Processed members: 700/2976
2026-06-08 22:18:24,677 [INFO] Processed members: 800/2976
2026-06-08 22:18:58,861 [INFO] Processed members: 900/2976
2026-06-08 22:19:34,808 [INFO] Processed members: 1000/2976
2026-06-08 22:20:16,728 [INFO] Processed members: 1100/2976
2026-06-08 22:20:55,365 [INFO] Processed members: 1200/2976
2026-06-08 22:21:30,362 [INFO] Processed members: 1300/2976
2026-06-08 22:22:00,995 [INFO] Processed members: 1400/2976
2026-06-08 22:22:33,256 [INFO] Processed members: 1500/2976
2026-06-08 22:23:05,974 [INFO] Processed members: 1600/2976
2026-06-08 22:23:34,585 [INFO] Processed members: 1700/2976
2026-06-08 22:23:58,401 [INFO] Processed members: 1800/2976
2026-06-08 22:24:22,388 [INFO] Processed members: 1900/2976
2026-06-08 22:24:45,606 [INFO] Processed members: 2000/2976
2026-06-08 22:25:08,778 [INFO] Processed members: 2100/2976
2026-06-08 22:25:31,272 [INFO] Processed members: 2200/2976
2026-06-08 22:25:54,829 [INFO] Processed members: 2300/2976
2026-06-08 22:26:17,710 [INFO] Processed members: 2400/2976
2026-06-08 22:26:40,994 [INFO] Processed members: 2500/2976
2026-06-08 22:27:06,890 [INFO] Processed members: 2600/2976
2026-06-08 22:27:40,096 [INFO] Processed members: 2700/2976
2026-06-08 22:28:12,675 [INFO] Processed members: 2800/2976
2026-06-08 22:28:49,178 [INFO] Processed members: 2900/2976
2026-06-08 22:29:21,061 [INFO] Summary: {'status': 'completed', 'archive_id': '20241001', 'resolved_time_key': '20241001', 'download_result': {'status': 'downloaded', 'http_status': 200, 'zip_path': 'data\\raw_zip\\rainfall_nowcast\\gridded_rainfall_nowcast_20241001.zip', 'size_bytes': 542013327, 'url': 'https://app.data.gov.hk/v1/historical-archive/get-file?url=https%3A%2F%2Fdata.weather.gov.hk%2FweatherAPI%2Fhko_data%2FF3%2FGridded_rainfall_nowcast.csv&time=20241001'}, 'station_lat': 22.301944444444445, 'station_lon': 114.17416666666666, 'radius_km': 5.0, 'member_count': 2976, 'member_status_counts': {'processed': 2976}, 'long_rows': 11899, 'wide_rows': 2975, 'manifest_path': 'reports\\rainfall_nowcast\\member_manifest_20241001.parquet', 'nearest_grid_path': 'reports\\rainfall_nowcast\\nearest_hko_grid_points_20241001.csv', 'long_features_path': 'data\\features\\rainfall_nowcast\\rainfall_nowcast_station_features_long_20241001.parquet', 'wide_features_path': 'data\\features\\rainfall_nowcast\\rainfall_nowcast_station_features_wide_20241001.parquet'}
2026-06-08 22:29:21,309 [INFO] Deleted ZIP because --keep-zip was not set: data\raw_zip\rainfall_nowcast\gridded_rainfall_nowcast_20241001.zip
