2026-06-08 21:40:15,359 [INFO] Resolved time_key: 20241101
2026-06-08 21:40:15,359 [INFO] Archive URL: https://app.data.gov.hk/v1/historical-archive/get-file?url=https%3A%2F%2Fdata.weather.gov.hk%2FweatherAPI%2Fhko_data%2FF3%2FGridded_rainfall_nowcast.csv&time=20241101
2026-06-08 21:40:15,360 [INFO] Verify SSL: True
2026-06-08 21:40:15,360 [INFO] Station lat/lon: 22.3019, 114.1742; radius_km=5.00
2026-06-08 21:40:15,361 [INFO] Downloading: https://app.data.gov.hk/v1/historical-archive/get-file?url=https%3A%2F%2Fdata.weather.gov.hk%2FweatherAPI%2Fhko_data%2FF3%2FGridded_rainfall_nowcast.csv&time=20241101
2026-06-08 21:41:00,739 [INFO] Download result: {'status': 'downloaded', 'http_status': 200, 'zip_path': 'data\\raw_zip\\rainfall_nowcast\\gridded_rainfall_nowcast_20241101.zip', 'size_bytes': 558640239, 'url': 'https://app.data.gov.hk/v1/historical-archive/get-file?url=https%3A%2F%2Fdata.weather.gov.hk%2FweatherAPI%2Fhko_data%2FF3%2FGridded_rainfall_nowcast.csv&time=20241101'}
2026-06-08 21:41:00,764 [INFO] ZIP members selected: 2874
2026-06-08 21:41:25,640 [INFO] Processed members: 100/2874
2026-06-08 21:41:50,483 [INFO] Processed members: 200/2874
2026-06-08 21:42:16,853 [INFO] Processed members: 300/2874
2026-06-08 21:42:41,808 [INFO] Processed members: 400/2874
2026-06-08 21:43:09,001 [INFO] Processed members: 500/2874
2026-06-08 21:43:35,374 [INFO] Processed members: 600/2874
2026-06-08 21:44:02,015 [INFO] Processed members: 700/2874
2026-06-08 21:44:28,847 [INFO] Processed members: 800/2874
2026-06-08 21:44:55,361 [INFO] Processed members: 900/2874
2026-06-08 21:45:22,795 [INFO] Processed members: 1000/2874
2026-06-08 21:45:53,295 [INFO] Processed members: 1100/2874
2026-06-08 21:46:31,521 [INFO] Processed members: 1200/2874
2026-06-08 21:47:12,059 [INFO] Processed members: 1300/2874
2026-06-08 21:47:50,264 [INFO] Processed members: 1400/2874
2026-06-08 21:48:18,988 [INFO] Processed members: 1500/2874
2026-06-08 21:48:47,881 [INFO] Processed members: 1600/2874
2026-06-08 21:49:15,480 [INFO] Processed members: 1700/2874
2026-06-08 21:49:42,332 [INFO] Processed members: 1800/2874
2026-06-08 21:50:15,529 [INFO] Processed members: 1900/2874
2026-06-08 21:50:48,128 [INFO] Processed members: 2000/2874
2026-06-08 21:51:16,801 [INFO] Processed members: 2100/2874
2026-06-08 21:51:46,613 [INFO] Processed members: 2200/2874
2026-06-08 21:52:15,910 [INFO] Processed members: 2300/2874
2026-06-08 21:52:44,988 [INFO] Processed members: 2400/2874
2026-06-08 21:53:09,563 [INFO] Processed members: 2500/2874
2026-06-08 21:53:32,980 [INFO] Processed members: 2600/2874
2026-06-08 21:53:56,486 [INFO] Processed members: 2700/2874
2026-06-08 21:54:19,664 [INFO] Processed members: 2800/2874
2026-06-08 21:54:37,923 [INFO] Summary: {'status': 'completed', 'archive_id': '20241101', 'resolved_time_key': '20241101', 'download_result': {'status': 'downloaded', 'http_status': 200, 'zip_path': 'data\\raw_zip\\rainfall_nowcast\\gridded_rainfall_nowcast_20241101.zip', 'size_bytes': 558640239, 'url': 'https://app.data.gov.hk/v1/historical-archive/get-file?url=https%3A%2F%2Fdata.weather.gov.hk%2FweatherAPI%2Fhko_data%2FF3%2FGridded_rainfall_nowcast.csv&time=20241101'}, 'station_lat': 22.301944444444445, 'station_lon': 114.17416666666666, 'radius_km': 5.0, 'member_count': 2874, 'member_status_counts': {'processed': 2874}, 'long_rows': 11496, 'wide_rows': 2873, 'manifest_path': 'reports\\rainfall_nowcast\\member_manifest_20241101.parquet', 'nearest_grid_path': 'reports\\rainfall_nowcast\\nearest_hko_grid_points_20241101.csv', 'long_features_path': 'data\\features\\rainfall_nowcast\\rainfall_nowcast_station_features_long_20241101.parquet', 'wide_features_path': 'data\\features\\rainfall_nowcast\\rainfall_nowcast_station_features_wide_20241101.parquet'}
2026-06-08 21:54:37,966 [INFO] Deleted ZIP because --keep-zip was not set: data\raw_zip\rainfall_nowcast\gridded_rainfall_nowcast_20241101.zip
