2026-06-08 21:09:45,119 [INFO] Resolved time_key: 20250401
2026-06-08 21:09:45,119 [INFO] Archive URL: https://app.data.gov.hk/v1/historical-archive/get-file?url=https%3A%2F%2Fdata.weather.gov.hk%2FweatherAPI%2Fhko_data%2FF3%2FGridded_rainfall_nowcast.csv&time=20250401
2026-06-08 21:09:45,120 [INFO] Verify SSL: True
2026-06-08 21:09:45,121 [INFO] Station lat/lon: 22.3019, 114.1742; radius_km=5.00
2026-06-08 21:09:45,121 [INFO] Downloading: https://app.data.gov.hk/v1/historical-archive/get-file?url=https%3A%2F%2Fdata.weather.gov.hk%2FweatherAPI%2Fhko_data%2FF3%2FGridded_rainfall_nowcast.csv&time=20250401
2026-06-08 21:11:53,093 [INFO] Download result: {'status': 'downloaded', 'http_status': 200, 'zip_path': 'data\\raw_zip\\rainfall_nowcast\\gridded_rainfall_nowcast_20250401.zip', 'size_bytes': 528152484, 'url': 'https://app.data.gov.hk/v1/historical-archive/get-file?url=https%3A%2F%2Fdata.weather.gov.hk%2FweatherAPI%2Fhko_data%2FF3%2FGridded_rainfall_nowcast.csv&time=20250401'}
2026-06-08 21:11:53,122 [INFO] ZIP members selected: 2878
2026-06-08 21:12:20,257 [INFO] Processed members: 100/2878
2026-06-08 21:12:46,973 [INFO] Processed members: 200/2878
2026-06-08 21:13:13,079 [INFO] Processed members: 300/2878
2026-06-08 21:13:40,643 [INFO] Processed members: 400/2878
2026-06-08 21:14:12,617 [INFO] Processed members: 500/2878
2026-06-08 21:14:48,140 [INFO] Processed members: 600/2878
2026-06-08 21:15:21,553 [INFO] Processed members: 700/2878
2026-06-08 21:15:50,005 [INFO] Processed members: 800/2878
2026-06-08 21:16:19,547 [INFO] Processed members: 900/2878
2026-06-08 21:16:50,324 [INFO] Processed members: 1000/2878
2026-06-08 21:17:22,805 [INFO] Processed members: 1100/2878
2026-06-08 21:17:53,828 [INFO] Processed members: 1200/2878
2026-06-08 21:18:21,159 [INFO] Processed members: 1300/2878
2026-06-08 21:18:47,913 [INFO] Processed members: 1400/2878
2026-06-08 21:19:17,370 [INFO] Processed members: 1500/2878
2026-06-08 21:19:48,206 [INFO] Processed members: 1600/2878
2026-06-08 21:20:15,234 [INFO] Processed members: 1700/2878
2026-06-08 21:20:42,038 [INFO] Processed members: 1800/2878
2026-06-08 21:21:12,892 [INFO] Processed members: 1900/2878
2026-06-08 21:21:40,089 [INFO] Processed members: 2000/2878
2026-06-08 21:22:07,791 [INFO] Processed members: 2100/2878
2026-06-08 21:22:37,381 [INFO] Processed members: 2200/2878
2026-06-08 21:23:04,476 [INFO] Processed members: 2300/2878
2026-06-08 21:23:30,199 [INFO] Processed members: 2400/2878
2026-06-08 21:23:54,374 [INFO] Processed members: 2500/2878
2026-06-08 21:24:17,990 [INFO] Processed members: 2600/2878
2026-06-08 21:24:40,284 [INFO] Processed members: 2700/2878
2026-06-08 21:25:02,640 [INFO] Processed members: 2800/2878
2026-06-08 21:25:21,355 [INFO] Summary: {'status': 'completed', 'archive_id': '20250401', 'resolved_time_key': '20250401', 'download_result': {'status': 'downloaded', 'http_status': 200, 'zip_path': 'data\\raw_zip\\rainfall_nowcast\\gridded_rainfall_nowcast_20250401.zip', 'size_bytes': 528152484, 'url': 'https://app.data.gov.hk/v1/historical-archive/get-file?url=https%3A%2F%2Fdata.weather.gov.hk%2FweatherAPI%2Fhko_data%2FF3%2FGridded_rainfall_nowcast.csv&time=20250401'}, 'station_lat': 22.301944444444445, 'station_lon': 114.17416666666666, 'radius_km': 5.0, 'member_count': 2878, 'member_status_counts': {'processed': 2878}, 'long_rows': 11512, 'wide_rows': 2878, 'manifest_path': 'reports\\rainfall_nowcast\\member_manifest_20250401.parquet', 'nearest_grid_path': 'reports\\rainfall_nowcast\\nearest_hko_grid_points_20250401.csv', 'long_features_path': 'data\\features\\rainfall_nowcast\\rainfall_nowcast_station_features_long_20250401.parquet', 'wide_features_path': 'data\\features\\rainfall_nowcast\\rainfall_nowcast_station_features_wide_20250401.parquet'}
2026-06-08 21:25:21,400 [INFO] Deleted ZIP because --keep-zip was not set: data\raw_zip\rainfall_nowcast\gridded_rainfall_nowcast_20250401.zip
