2026-06-08 21:10:24,804 [INFO] Resolved time_key: 20250501
2026-06-08 21:10:24,804 [INFO] Archive URL: https://app.data.gov.hk/v1/historical-archive/get-file?url=https%3A%2F%2Fdata.weather.gov.hk%2FweatherAPI%2Fhko_data%2FF3%2FGridded_rainfall_nowcast.csv&time=20250501
2026-06-08 21:10:24,804 [INFO] Verify SSL: True
2026-06-08 21:10:24,805 [INFO] Station lat/lon: 22.3019, 114.1742; radius_km=5.00
2026-06-08 21:10:24,805 [INFO] Downloading: https://app.data.gov.hk/v1/historical-archive/get-file?url=https%3A%2F%2Fdata.weather.gov.hk%2FweatherAPI%2Fhko_data%2FF3%2FGridded_rainfall_nowcast.csv&time=20250501
2026-06-08 21:12:12,278 [INFO] Download result: {'status': 'downloaded', 'http_status': 200, 'zip_path': 'data\\raw_zip\\rainfall_nowcast\\gridded_rainfall_nowcast_20250501.zip', 'size_bytes': 573485556, 'url': 'https://app.data.gov.hk/v1/historical-archive/get-file?url=https%3A%2F%2Fdata.weather.gov.hk%2FweatherAPI%2Fhko_data%2FF3%2FGridded_rainfall_nowcast.csv&time=20250501'}
2026-06-08 21:12:12,320 [INFO] ZIP members selected: 2972
2026-06-08 21:12:39,706 [INFO] Processed members: 100/2972
2026-06-08 21:13:05,363 [INFO] Processed members: 200/2972
2026-06-08 21:13:31,961 [INFO] Processed members: 300/2972
2026-06-08 21:14:00,994 [INFO] Processed members: 400/2972
2026-06-08 21:14:37,123 [INFO] Processed members: 500/2972
2026-06-08 21:15:12,431 [INFO] Processed members: 600/2972
2026-06-08 21:15:41,423 [INFO] Processed members: 700/2972
2026-06-08 21:16:10,252 [INFO] Processed members: 800/2972
2026-06-08 21:16:41,566 [INFO] Processed members: 900/2972
2026-06-08 21:17:14,579 [INFO] Processed members: 1000/2972
2026-06-08 21:17:46,838 [INFO] Processed members: 1100/2972
2026-06-08 21:18:13,999 [INFO] Processed members: 1200/2972
2026-06-08 21:18:40,982 [INFO] Processed members: 1300/2972
2026-06-08 21:19:09,061 [INFO] Processed members: 1400/2972
2026-06-08 21:19:40,606 [INFO] Processed members: 1500/2972
2026-06-08 21:20:08,472 [INFO] Processed members: 1600/2972
2026-06-08 21:20:35,139 [INFO] Processed members: 1700/2972
2026-06-08 21:21:04,373 [INFO] Processed members: 1800/2972
2026-06-08 21:21:33,679 [INFO] Processed members: 1900/2972
2026-06-08 21:22:01,190 [INFO] Processed members: 2000/2972
2026-06-08 21:22:30,123 [INFO] Processed members: 2100/2972
2026-06-08 21:22:57,956 [INFO] Processed members: 2200/2972
2026-06-08 21:23:24,120 [INFO] Processed members: 2300/2972
2026-06-08 21:23:48,761 [INFO] Processed members: 2400/2972
2026-06-08 21:24:12,487 [INFO] Processed members: 2500/2972
2026-06-08 21:24:34,928 [INFO] Processed members: 2600/2972
2026-06-08 21:24:57,810 [INFO] Processed members: 2700/2972
2026-06-08 21:25:21,208 [INFO] Processed members: 2800/2972
2026-06-08 21:25:45,398 [INFO] Processed members: 2900/2972
2026-06-08 21:26:04,599 [INFO] Summary: {'status': 'completed', 'archive_id': '20250501', 'resolved_time_key': '20250501', 'download_result': {'status': 'downloaded', 'http_status': 200, 'zip_path': 'data\\raw_zip\\rainfall_nowcast\\gridded_rainfall_nowcast_20250501.zip', 'size_bytes': 573485556, 'url': 'https://app.data.gov.hk/v1/historical-archive/get-file?url=https%3A%2F%2Fdata.weather.gov.hk%2FweatherAPI%2Fhko_data%2FF3%2FGridded_rainfall_nowcast.csv&time=20250501'}, 'station_lat': 22.301944444444445, 'station_lon': 114.17416666666666, 'radius_km': 5.0, 'member_count': 2972, 'member_status_counts': {'processed': 2972}, 'long_rows': 11888, 'wide_rows': 2972, 'manifest_path': 'reports\\rainfall_nowcast\\member_manifest_20250501.parquet', 'nearest_grid_path': 'reports\\rainfall_nowcast\\nearest_hko_grid_points_20250501.csv', 'long_features_path': 'data\\features\\rainfall_nowcast\\rainfall_nowcast_station_features_long_20250501.parquet', 'wide_features_path': 'data\\features\\rainfall_nowcast\\rainfall_nowcast_station_features_wide_20250501.parquet'}
2026-06-08 21:26:04,637 [INFO] Deleted ZIP because --keep-zip was not set: data\raw_zip\rainfall_nowcast\gridded_rainfall_nowcast_20250501.zip
