2026-06-08 22:26:32,296 [INFO] Resolved time_key: 20240201
2026-06-08 22:26:32,296 [INFO] Archive URL: https://app.data.gov.hk/v1/historical-archive/get-file?url=https%3A%2F%2Fdata.weather.gov.hk%2FweatherAPI%2Fhko_data%2FF3%2FGridded_rainfall_nowcast.csv&time=20240201
2026-06-08 22:26:32,297 [INFO] Verify SSL: True
2026-06-08 22:26:32,297 [INFO] Station lat/lon: 22.3019, 114.1742; radius_km=5.00
2026-06-08 22:26:32,297 [INFO] Downloading: https://app.data.gov.hk/v1/historical-archive/get-file?url=https%3A%2F%2Fdata.weather.gov.hk%2FweatherAPI%2Fhko_data%2FF3%2FGridded_rainfall_nowcast.csv&time=20240201
2026-06-08 22:26:40,632 [INFO] Download result: {'status': 'downloaded', 'http_status': 200, 'zip_path': 'data\\raw_zip\\rainfall_nowcast\\gridded_rainfall_nowcast_20240201.zip', 'size_bytes': 500545230, 'url': 'https://app.data.gov.hk/v1/historical-archive/get-file?url=https%3A%2F%2Fdata.weather.gov.hk%2FweatherAPI%2Fhko_data%2FF3%2FGridded_rainfall_nowcast.csv&time=20240201'}
2026-06-08 22:26:40,661 [INFO] ZIP members selected: 2782
2026-06-08 22:27:07,038 [INFO] Processed members: 100/2782
2026-06-08 22:27:40,802 [INFO] Processed members: 200/2782
2026-06-08 22:28:14,636 [INFO] Processed members: 300/2782
2026-06-08 22:28:48,596 [INFO] Processed members: 400/2782
2026-06-08 22:29:34,007 [INFO] Processed members: 500/2782
2026-06-08 22:30:14,802 [INFO] Processed members: 600/2782
2026-06-08 22:30:57,213 [INFO] Processed members: 700/2782
2026-06-08 22:31:37,719 [INFO] Processed members: 800/2782
2026-06-08 22:32:10,028 [INFO] Processed members: 900/2782
2026-06-08 22:32:45,806 [INFO] Processed members: 1000/2782
2026-06-08 22:33:19,842 [INFO] Processed members: 1100/2782
2026-06-08 22:33:54,312 [INFO] Processed members: 1200/2782
2026-06-08 22:34:23,160 [INFO] Processed members: 1300/2782
2026-06-08 22:34:49,924 [INFO] Processed members: 1400/2782
2026-06-08 22:35:16,303 [INFO] Processed members: 1500/2782
2026-06-08 22:35:42,420 [INFO] Processed members: 1600/2782
2026-06-08 22:36:08,949 [INFO] Processed members: 1700/2782
2026-06-08 22:36:34,631 [INFO] Processed members: 1800/2782
2026-06-08 22:37:06,978 [INFO] Processed members: 1900/2782
2026-06-08 22:37:36,162 [INFO] Processed members: 2000/2782
2026-06-08 22:38:06,760 [INFO] Processed members: 2100/2782
2026-06-08 22:38:47,417 [INFO] Processed members: 2200/2782
2026-06-08 22:39:26,480 [INFO] Processed members: 2300/2782
2026-06-08 22:39:55,602 [INFO] Processed members: 2400/2782
2026-06-08 22:40:24,544 [INFO] Processed members: 2500/2782
2026-06-08 22:40:53,217 [INFO] Processed members: 2600/2782
2026-06-08 22:41:22,155 [INFO] Processed members: 2700/2782
2026-06-08 22:41:46,534 [INFO] Summary: {'status': 'completed', 'archive_id': '20240201', 'resolved_time_key': '20240201', 'download_result': {'status': 'downloaded', 'http_status': 200, 'zip_path': 'data\\raw_zip\\rainfall_nowcast\\gridded_rainfall_nowcast_20240201.zip', 'size_bytes': 500545230, 'url': 'https://app.data.gov.hk/v1/historical-archive/get-file?url=https%3A%2F%2Fdata.weather.gov.hk%2FweatherAPI%2Fhko_data%2FF3%2FGridded_rainfall_nowcast.csv&time=20240201'}, 'station_lat': 22.301944444444445, 'station_lon': 114.17416666666666, 'radius_km': 5.0, 'member_count': 2782, 'member_status_counts': {'processed': 2782}, 'long_rows': 11128, 'wide_rows': 2782, 'manifest_path': 'reports\\rainfall_nowcast\\member_manifest_20240201.parquet', 'nearest_grid_path': 'reports\\rainfall_nowcast\\nearest_hko_grid_points_20240201.csv', 'long_features_path': 'data\\features\\rainfall_nowcast\\rainfall_nowcast_station_features_long_20240201.parquet', 'wide_features_path': 'data\\features\\rainfall_nowcast\\rainfall_nowcast_station_features_wide_20240201.parquet'}
2026-06-08 22:41:46,581 [INFO] Deleted ZIP because --keep-zip was not set: data\raw_zip\rainfall_nowcast\gridded_rainfall_nowcast_20240201.zip
