2026-06-08 22:08:39,053 [INFO] Resolved time_key: 20231101
2026-06-08 22:08:39,053 [INFO] Archive URL: https://app.data.gov.hk/v1/historical-archive/get-file?url=https%3A%2F%2Fdata.weather.gov.hk%2FweatherAPI%2Fhko_data%2FF3%2FGridded_rainfall_nowcast.csv&time=20231101
2026-06-08 22:08:39,054 [INFO] Verify SSL: True
2026-06-08 22:08:39,054 [INFO] Station lat/lon: 22.3019, 114.1742; radius_km=5.00
2026-06-08 22:08:39,054 [INFO] Downloading: https://app.data.gov.hk/v1/historical-archive/get-file?url=https%3A%2F%2Fdata.weather.gov.hk%2FweatherAPI%2Fhko_data%2FF3%2FGridded_rainfall_nowcast.csv&time=20231101
2026-06-08 22:08:45,896 [INFO] Download result: {'status': 'downloaded', 'http_status': 200, 'zip_path': 'data\\raw_zip\\rainfall_nowcast\\gridded_rainfall_nowcast_20231101.zip', 'size_bytes': 519196204, 'url': 'https://app.data.gov.hk/v1/historical-archive/get-file?url=https%3A%2F%2Fdata.weather.gov.hk%2FweatherAPI%2Fhko_data%2FF3%2FGridded_rainfall_nowcast.csv&time=20231101'}
2026-06-08 22:08:45,926 [INFO] ZIP members selected: 2880
2026-06-08 22:09:11,443 [INFO] Processed members: 100/2880
2026-06-08 22:09:36,571 [INFO] Processed members: 200/2880
2026-06-08 22:10:02,358 [INFO] Processed members: 300/2880
2026-06-08 22:10:27,992 [INFO] Processed members: 400/2880
2026-06-08 22:10:53,698 [INFO] Processed members: 500/2880
2026-06-08 22:11:19,433 [INFO] Processed members: 600/2880
2026-06-08 22:11:45,049 [INFO] Processed members: 700/2880
2026-06-08 22:12:11,227 [INFO] Processed members: 800/2880
2026-06-08 22:12:36,986 [INFO] Processed members: 900/2880
2026-06-08 22:13:02,958 [INFO] Processed members: 1000/2880
2026-06-08 22:13:29,910 [INFO] Processed members: 1100/2880
2026-06-08 22:13:58,678 [INFO] Processed members: 1200/2880
2026-06-08 22:14:27,828 [INFO] Processed members: 1300/2880
2026-06-08 22:14:58,061 [INFO] Processed members: 1400/2880
2026-06-08 22:15:30,050 [INFO] Processed members: 1500/2880
2026-06-08 22:16:08,674 [INFO] Processed members: 1600/2880
2026-06-08 22:16:42,112 [INFO] Processed members: 1700/2880
2026-06-08 22:17:17,606 [INFO] Processed members: 1800/2880
2026-06-08 22:17:50,736 [INFO] Processed members: 1900/2880
2026-06-08 22:18:26,462 [INFO] Processed members: 2000/2880
2026-06-08 22:19:00,504 [INFO] Processed members: 2100/2880
2026-06-08 22:19:33,822 [INFO] Processed members: 2200/2880
2026-06-08 22:20:08,595 [INFO] Processed members: 2300/2880
2026-06-08 22:20:43,057 [INFO] Processed members: 2400/2880
2026-06-08 22:21:16,008 [INFO] Processed members: 2500/2880
2026-06-08 22:21:47,426 [INFO] Processed members: 2600/2880
2026-06-08 22:22:19,054 [INFO] Processed members: 2700/2880
2026-06-08 22:22:52,445 [INFO] Processed members: 2800/2880
2026-06-08 22:23:19,651 [INFO] Summary: {'status': 'completed', 'archive_id': '20231101', 'resolved_time_key': '20231101', 'download_result': {'status': 'downloaded', 'http_status': 200, 'zip_path': 'data\\raw_zip\\rainfall_nowcast\\gridded_rainfall_nowcast_20231101.zip', 'size_bytes': 519196204, 'url': 'https://app.data.gov.hk/v1/historical-archive/get-file?url=https%3A%2F%2Fdata.weather.gov.hk%2FweatherAPI%2Fhko_data%2FF3%2FGridded_rainfall_nowcast.csv&time=20231101'}, 'station_lat': 22.301944444444445, 'station_lon': 114.17416666666666, 'radius_km': 5.0, 'member_count': 2880, 'member_status_counts': {'processed': 2880}, 'long_rows': 11520, 'wide_rows': 2880, 'manifest_path': 'reports\\rainfall_nowcast\\member_manifest_20231101.parquet', 'nearest_grid_path': 'reports\\rainfall_nowcast\\nearest_hko_grid_points_20231101.csv', 'long_features_path': 'data\\features\\rainfall_nowcast\\rainfall_nowcast_station_features_long_20231101.parquet', 'wide_features_path': 'data\\features\\rainfall_nowcast\\rainfall_nowcast_station_features_wide_20231101.parquet'}
2026-06-08 22:23:19,760 [INFO] Deleted ZIP because --keep-zip was not set: data\raw_zip\rainfall_nowcast\gridded_rainfall_nowcast_20231101.zip
