2026-06-08 22:07:50,131 [INFO] Resolved time_key: 20240301
2026-06-08 22:07:50,131 [INFO] Archive URL: https://app.data.gov.hk/v1/historical-archive/get-file?url=https%3A%2F%2Fdata.weather.gov.hk%2FweatherAPI%2Fhko_data%2FF3%2FGridded_rainfall_nowcast.csv&time=20240301
2026-06-08 22:07:50,132 [INFO] Verify SSL: True
2026-06-08 22:07:50,132 [INFO] Station lat/lon: 22.3019, 114.1742; radius_km=5.00
2026-06-08 22:07:50,133 [INFO] Downloading: https://app.data.gov.hk/v1/historical-archive/get-file?url=https%3A%2F%2Fdata.weather.gov.hk%2FweatherAPI%2Fhko_data%2FF3%2FGridded_rainfall_nowcast.csv&time=20240301
2026-06-08 22:08:03,286 [INFO] Download result: {'status': 'downloaded', 'http_status': 200, 'zip_path': 'data\\raw_zip\\rainfall_nowcast\\gridded_rainfall_nowcast_20240301.zip', 'size_bytes': 543764777, 'url': 'https://app.data.gov.hk/v1/historical-archive/get-file?url=https%3A%2F%2Fdata.weather.gov.hk%2FweatherAPI%2Fhko_data%2FF3%2FGridded_rainfall_nowcast.csv&time=20240301'}
2026-06-08 22:08:03,322 [INFO] ZIP members selected: 2976
2026-06-08 22:08:28,317 [INFO] Processed members: 100/2976
2026-06-08 22:08:53,171 [INFO] Processed members: 200/2976
2026-06-08 22:09:18,045 [INFO] Processed members: 300/2976
2026-06-08 22:09:43,712 [INFO] Processed members: 400/2976
2026-06-08 22:10:09,534 [INFO] Processed members: 500/2976
2026-06-08 22:10:35,299 [INFO] Processed members: 600/2976
2026-06-08 22:11:01,445 [INFO] Processed members: 700/2976
2026-06-08 22:11:27,434 [INFO] Processed members: 800/2976
2026-06-08 22:11:53,222 [INFO] Processed members: 900/2976
2026-06-08 22:12:19,353 [INFO] Processed members: 1000/2976
2026-06-08 22:12:45,463 [INFO] Processed members: 1100/2976
2026-06-08 22:13:13,015 [INFO] Processed members: 1200/2976
2026-06-08 22:13:40,116 [INFO] Processed members: 1300/2976
2026-06-08 22:14:08,177 [INFO] Processed members: 1400/2976
2026-06-08 22:14:37,645 [INFO] Processed members: 1500/2976
2026-06-08 22:15:09,524 [INFO] Processed members: 1600/2976
2026-06-08 22:15:42,660 [INFO] Processed members: 1700/2976
2026-06-08 22:16:17,503 [INFO] Processed members: 1800/2976
2026-06-08 22:16:52,047 [INFO] Processed members: 1900/2976
2026-06-08 22:17:25,753 [INFO] Processed members: 2000/2976
2026-06-08 22:17:56,682 [INFO] Processed members: 2100/2976
2026-06-08 22:18:32,268 [INFO] Processed members: 2200/2976
2026-06-08 22:19:06,556 [INFO] Processed members: 2300/2976
2026-06-08 22:19:39,006 [INFO] Processed members: 2400/2976
2026-06-08 22:20:17,956 [INFO] Processed members: 2500/2976
2026-06-08 22:20:52,805 [INFO] Processed members: 2600/2976
2026-06-08 22:21:25,610 [INFO] Processed members: 2700/2976
2026-06-08 22:21:56,140 [INFO] Processed members: 2800/2976
2026-06-08 22:22:28,791 [INFO] Processed members: 2900/2976
2026-06-08 22:22:57,644 [INFO] Summary: {'status': 'completed', 'archive_id': '20240301', 'resolved_time_key': '20240301', 'download_result': {'status': 'downloaded', 'http_status': 200, 'zip_path': 'data\\raw_zip\\rainfall_nowcast\\gridded_rainfall_nowcast_20240301.zip', 'size_bytes': 543764777, 'url': 'https://app.data.gov.hk/v1/historical-archive/get-file?url=https%3A%2F%2Fdata.weather.gov.hk%2FweatherAPI%2Fhko_data%2FF3%2FGridded_rainfall_nowcast.csv&time=20240301'}, 'station_lat': 22.301944444444445, 'station_lon': 114.17416666666666, 'radius_km': 5.0, 'member_count': 2976, 'member_status_counts': {'processed': 2976}, 'long_rows': 11895, 'wide_rows': 2975, 'manifest_path': 'reports\\rainfall_nowcast\\member_manifest_20240301.parquet', 'nearest_grid_path': 'reports\\rainfall_nowcast\\nearest_hko_grid_points_20240301.csv', 'long_features_path': 'data\\features\\rainfall_nowcast\\rainfall_nowcast_station_features_long_20240301.parquet', 'wide_features_path': 'data\\features\\rainfall_nowcast\\rainfall_nowcast_station_features_wide_20240301.parquet'}
2026-06-08 22:22:57,685 [INFO] Deleted ZIP because --keep-zip was not set: data\raw_zip\rainfall_nowcast\gridded_rainfall_nowcast_20240301.zip
