2026-06-08 22:45:02,122 [INFO] Resolved time_key: 20230901
2026-06-08 22:45:02,122 [INFO] Archive URL: https://app.data.gov.hk/v1/historical-archive/get-file?url=https%3A%2F%2Fdata.weather.gov.hk%2FweatherAPI%2Fhko_data%2FF3%2FGridded_rainfall_nowcast.csv&time=20230901
2026-06-08 22:45:02,123 [INFO] Verify SSL: True
2026-06-08 22:45:02,123 [INFO] Station lat/lon: 22.3019, 114.1742; radius_km=5.00
2026-06-08 22:45:02,124 [INFO] Downloading: https://app.data.gov.hk/v1/historical-archive/get-file?url=https%3A%2F%2Fdata.weather.gov.hk%2FweatherAPI%2Fhko_data%2FF3%2FGridded_rainfall_nowcast.csv&time=20230901
2026-06-08 22:45:43,920 [INFO] Download result: {'status': 'downloaded', 'http_status': 200, 'zip_path': 'data\\raw_zip\\rainfall_nowcast\\gridded_rainfall_nowcast_20230901.zip', 'size_bytes': 598861911, 'url': 'https://app.data.gov.hk/v1/historical-archive/get-file?url=https%3A%2F%2Fdata.weather.gov.hk%2FweatherAPI%2Fhko_data%2FF3%2FGridded_rainfall_nowcast.csv&time=20230901'}
2026-06-08 22:45:43,944 [INFO] ZIP members selected: 2879
2026-06-08 22:46:04,064 [INFO] Processed members: 100/2879
2026-06-08 22:46:24,626 [INFO] Processed members: 200/2879
2026-06-08 22:46:45,968 [INFO] Processed members: 300/2879
2026-06-08 22:47:07,614 [INFO] Processed members: 400/2879
2026-06-08 22:47:29,721 [INFO] Processed members: 500/2879
2026-06-08 22:47:50,825 [INFO] Processed members: 600/2879
2026-06-08 22:48:12,328 [INFO] Processed members: 700/2879
2026-06-08 22:48:35,398 [INFO] Processed members: 800/2879
2026-06-08 22:48:57,532 [INFO] Processed members: 900/2879
2026-06-08 22:49:19,086 [INFO] Processed members: 1000/2879
2026-06-08 22:49:40,270 [INFO] Processed members: 1100/2879
2026-06-08 22:50:05,457 [INFO] Processed members: 1200/2879
2026-06-08 22:50:26,813 [INFO] Processed members: 1300/2879
2026-06-08 22:50:47,766 [INFO] Processed members: 1400/2879
2026-06-08 22:51:08,854 [INFO] Processed members: 1500/2879
2026-06-08 22:51:29,652 [INFO] Processed members: 1600/2879
2026-06-08 22:51:50,702 [INFO] Processed members: 1700/2879
2026-06-08 22:52:12,338 [INFO] Processed members: 1800/2879
2026-06-08 22:52:33,578 [INFO] Processed members: 1900/2879
2026-06-08 22:52:55,141 [INFO] Processed members: 2000/2879
2026-06-08 22:53:18,427 [INFO] Processed members: 2100/2879
2026-06-08 22:53:41,177 [INFO] Processed members: 2200/2879
2026-06-08 22:54:05,011 [INFO] Processed members: 2300/2879
2026-06-08 22:54:26,318 [INFO] Processed members: 2400/2879
2026-06-08 22:54:48,687 [INFO] Processed members: 2500/2879
2026-06-08 22:55:12,288 [INFO] Processed members: 2600/2879
2026-06-08 22:55:38,314 [INFO] Processed members: 2700/2879
2026-06-08 22:56:03,027 [INFO] Processed members: 2800/2879
2026-06-08 22:56:19,856 [INFO] Summary: {'status': 'completed', 'archive_id': '20230901', 'resolved_time_key': '20230901', 'download_result': {'status': 'downloaded', 'http_status': 200, 'zip_path': 'data\\raw_zip\\rainfall_nowcast\\gridded_rainfall_nowcast_20230901.zip', 'size_bytes': 598861911, 'url': 'https://app.data.gov.hk/v1/historical-archive/get-file?url=https%3A%2F%2Fdata.weather.gov.hk%2FweatherAPI%2Fhko_data%2FF3%2FGridded_rainfall_nowcast.csv&time=20230901'}, 'station_lat': 22.301944444444445, 'station_lon': 114.17416666666666, 'radius_km': 5.0, 'member_count': 2879, 'member_status_counts': {'processed': 2878, 'failed': 1}, 'long_rows': 11512, 'wide_rows': 2875, 'manifest_path': 'reports\\rainfall_nowcast\\member_manifest_20230901.parquet', 'nearest_grid_path': 'reports\\rainfall_nowcast\\nearest_hko_grid_points_20230901.csv', 'long_features_path': 'data\\features\\rainfall_nowcast\\rainfall_nowcast_station_features_long_20230901.parquet', 'wide_features_path': 'data\\features\\rainfall_nowcast\\rainfall_nowcast_station_features_wide_20230901.parquet'}
2026-06-08 22:56:19,891 [INFO] Deleted ZIP because --keep-zip was not set: data\raw_zip\rainfall_nowcast\gridded_rainfall_nowcast_20230901.zip
