2026-06-08 20:25:29,843 [INFO] Resolved time_key: 20221001
2026-06-08 20:25:29,844 [INFO] Archive URL: https://app.data.gov.hk/v1/historical-archive/get-file?url=https%3A%2F%2Fdata.weather.gov.hk%2FweatherAPI%2Fhko_data%2FF3%2FGridded_rainfall_nowcast.csv&time=20221001
2026-06-08 20:25:29,845 [INFO] Verify SSL: True
2026-06-08 20:25:29,848 [INFO] Station lat/lon: 22.3019, 114.1742; radius_km=5.00
2026-06-08 20:25:29,849 [INFO] Downloading: https://app.data.gov.hk/v1/historical-archive/get-file?url=https%3A%2F%2Fdata.weather.gov.hk%2FweatherAPI%2Fhko_data%2FF3%2FGridded_rainfall_nowcast.csv&time=20221001
2026-06-08 20:26:01,393 [INFO] Download result: {'status': 'downloaded', 'http_status': 200, 'zip_path': 'data\\raw_zip\\rainfall_nowcast\\gridded_rainfall_nowcast_20221001.zip', 'size_bytes': 599155276, 'url': 'https://app.data.gov.hk/v1/historical-archive/get-file?url=https%3A%2F%2Fdata.weather.gov.hk%2FweatherAPI%2Fhko_data%2FF3%2FGridded_rainfall_nowcast.csv&time=20221001'}
2026-06-08 20:26:01,414 [INFO] ZIP members selected: 2967
2026-06-08 20:26:17,739 [INFO] Processed members: 100/2967
2026-06-08 20:26:34,196 [INFO] Processed members: 200/2967
2026-06-08 20:26:50,617 [INFO] Processed members: 300/2967
2026-06-08 20:27:07,281 [INFO] Processed members: 400/2967
2026-06-08 20:27:23,771 [INFO] Processed members: 500/2967
2026-06-08 20:27:40,227 [INFO] Processed members: 600/2967
2026-06-08 20:27:57,102 [INFO] Processed members: 700/2967
2026-06-08 20:28:13,617 [INFO] Processed members: 800/2967
2026-06-08 20:28:30,225 [INFO] Processed members: 900/2967
2026-06-08 20:28:46,759 [INFO] Processed members: 1000/2967
2026-06-08 20:29:03,496 [INFO] Processed members: 1100/2967
2026-06-08 20:29:19,998 [INFO] Processed members: 1200/2967
2026-06-08 20:29:36,405 [INFO] Processed members: 1300/2967
2026-06-08 20:29:52,854 [INFO] Processed members: 1400/2967
2026-06-08 20:30:09,288 [INFO] Processed members: 1500/2967
2026-06-08 20:30:26,002 [INFO] Processed members: 1600/2967
2026-06-08 20:30:42,853 [INFO] Processed members: 1700/2967
2026-06-08 20:30:59,987 [INFO] Processed members: 1800/2967
2026-06-08 20:31:16,863 [INFO] Processed members: 1900/2967
2026-06-08 20:31:33,780 [INFO] Processed members: 2000/2967
2026-06-08 20:31:50,596 [INFO] Processed members: 2100/2967
2026-06-08 20:32:07,768 [INFO] Processed members: 2200/2967
2026-06-08 20:32:24,952 [INFO] Processed members: 2300/2967
2026-06-08 20:32:41,078 [INFO] Processed members: 2400/2967
2026-06-08 20:32:57,053 [INFO] Processed members: 2500/2967
2026-06-08 20:33:13,848 [INFO] Processed members: 2600/2967
2026-06-08 20:33:30,850 [INFO] Processed members: 2700/2967
2026-06-08 20:33:47,675 [INFO] Processed members: 2800/2967
2026-06-08 20:34:04,767 [INFO] Processed members: 2900/2967
2026-06-08 20:34:16,260 [INFO] Summary: {'status': 'completed', 'archive_id': '20221001', 'resolved_time_key': '20221001', 'download_result': {'status': 'downloaded', 'http_status': 200, 'zip_path': 'data\\raw_zip\\rainfall_nowcast\\gridded_rainfall_nowcast_20221001.zip', 'size_bytes': 599155276, 'url': 'https://app.data.gov.hk/v1/historical-archive/get-file?url=https%3A%2F%2Fdata.weather.gov.hk%2FweatherAPI%2Fhko_data%2FF3%2FGridded_rainfall_nowcast.csv&time=20221001'}, 'station_lat': 22.301944444444445, 'station_lon': 114.17416666666666, 'radius_km': 5.0, 'member_count': 2967, 'member_status_counts': {'processed': 2967}, 'long_rows': 11868, 'wide_rows': 2967, 'manifest_path': 'reports\\rainfall_nowcast\\member_manifest_20221001.parquet', 'nearest_grid_path': 'reports\\rainfall_nowcast\\nearest_hko_grid_points_20221001.csv', 'long_features_path': 'data\\features\\rainfall_nowcast\\rainfall_nowcast_station_features_long_20221001.parquet', 'wide_features_path': 'data\\features\\rainfall_nowcast\\rainfall_nowcast_station_features_wide_20221001.parquet'}
2026-06-08 20:34:16,330 [INFO] Deleted ZIP because --keep-zip was not set: data\raw_zip\rainfall_nowcast\gridded_rainfall_nowcast_20221001.zip
