2026-06-08 21:40:09,992 [INFO] Resolved time_key: 20241201
2026-06-08 21:40:09,993 [INFO] Archive URL: https://app.data.gov.hk/v1/historical-archive/get-file?url=https%3A%2F%2Fdata.weather.gov.hk%2FweatherAPI%2Fhko_data%2FF3%2FGridded_rainfall_nowcast.csv&time=20241201
2026-06-08 21:40:09,993 [INFO] Verify SSL: True
2026-06-08 21:40:09,994 [INFO] Station lat/lon: 22.3019, 114.1742; radius_km=5.00
2026-06-08 21:40:09,994 [INFO] Downloading: https://app.data.gov.hk/v1/historical-archive/get-file?url=https%3A%2F%2Fdata.weather.gov.hk%2FweatherAPI%2Fhko_data%2FF3%2FGridded_rainfall_nowcast.csv&time=20241201
2026-06-08 21:40:52,157 [INFO] Download result: {'status': 'downloaded', 'http_status': 200, 'zip_path': 'data\\raw_zip\\rainfall_nowcast\\gridded_rainfall_nowcast_20241201.zip', 'size_bytes': 513283431, 'url': 'https://app.data.gov.hk/v1/historical-archive/get-file?url=https%3A%2F%2Fdata.weather.gov.hk%2FweatherAPI%2Fhko_data%2FF3%2FGridded_rainfall_nowcast.csv&time=20241201'}
2026-06-08 21:40:52,186 [INFO] ZIP members selected: 2844
2026-06-08 21:41:16,105 [INFO] Processed members: 100/2844
2026-06-08 21:41:40,435 [INFO] Processed members: 200/2844
2026-06-08 21:42:06,590 [INFO] Processed members: 300/2844
2026-06-08 21:42:31,736 [INFO] Processed members: 400/2844
2026-06-08 21:42:58,395 [INFO] Processed members: 500/2844
2026-06-08 21:43:25,176 [INFO] Processed members: 600/2844
2026-06-08 21:43:51,207 [INFO] Processed members: 700/2844
2026-06-08 21:44:18,292 [INFO] Processed members: 800/2844
2026-06-08 21:44:44,661 [INFO] Processed members: 900/2844
2026-06-08 21:45:11,514 [INFO] Processed members: 1000/2844
2026-06-08 21:45:40,049 [INFO] Processed members: 1100/2844
2026-06-08 21:46:12,833 [INFO] Processed members: 1200/2844
2026-06-08 21:46:54,717 [INFO] Processed members: 1300/2844
2026-06-08 21:47:34,975 [INFO] Processed members: 1400/2844
2026-06-08 21:48:05,647 [INFO] Processed members: 1500/2844
2026-06-08 21:48:35,803 [INFO] Processed members: 1600/2844
2026-06-08 21:49:03,449 [INFO] Processed members: 1700/2844
2026-06-08 21:49:30,276 [INFO] Processed members: 1800/2844
2026-06-08 21:50:01,312 [INFO] Processed members: 1900/2844
2026-06-08 21:50:34,096 [INFO] Processed members: 2000/2844
2026-06-08 21:51:03,832 [INFO] Processed members: 2100/2844
2026-06-08 21:51:34,262 [INFO] Processed members: 2200/2844
2026-06-08 21:52:02,614 [INFO] Processed members: 2300/2844
2026-06-08 21:52:31,234 [INFO] Processed members: 2400/2844
2026-06-08 21:52:57,785 [INFO] Processed members: 2500/2844
2026-06-08 21:53:21,471 [INFO] Processed members: 2600/2844
2026-06-08 21:53:44,943 [INFO] Processed members: 2700/2844
2026-06-08 21:54:07,751 [INFO] Processed members: 2800/2844
2026-06-08 21:54:19,153 [INFO] Summary: {'status': 'completed', 'archive_id': '20241201', 'resolved_time_key': '20241201', 'download_result': {'status': 'downloaded', 'http_status': 200, 'zip_path': 'data\\raw_zip\\rainfall_nowcast\\gridded_rainfall_nowcast_20241201.zip', 'size_bytes': 513283431, 'url': 'https://app.data.gov.hk/v1/historical-archive/get-file?url=https%3A%2F%2Fdata.weather.gov.hk%2FweatherAPI%2Fhko_data%2FF3%2FGridded_rainfall_nowcast.csv&time=20241201'}, 'station_lat': 22.301944444444445, 'station_lon': 114.17416666666666, 'radius_km': 5.0, 'member_count': 2844, 'member_status_counts': {'processed': 2844}, 'long_rows': 11372, 'wide_rows': 2843, 'manifest_path': 'reports\\rainfall_nowcast\\member_manifest_20241201.parquet', 'nearest_grid_path': 'reports\\rainfall_nowcast\\nearest_hko_grid_points_20241201.csv', 'long_features_path': 'data\\features\\rainfall_nowcast\\rainfall_nowcast_station_features_long_20241201.parquet', 'wide_features_path': 'data\\features\\rainfall_nowcast\\rainfall_nowcast_station_features_wide_20241201.parquet'}
2026-06-08 21:54:19,193 [INFO] Deleted ZIP because --keep-zip was not set: data\raw_zip\rainfall_nowcast\gridded_rainfall_nowcast_20241201.zip
