2026-06-08 21:09:32,605 [INFO] Resolved time_key: 20250201
2026-06-08 21:09:32,605 [INFO] Archive URL: https://app.data.gov.hk/v1/historical-archive/get-file?url=https%3A%2F%2Fdata.weather.gov.hk%2FweatherAPI%2Fhko_data%2FF3%2FGridded_rainfall_nowcast.csv&time=20250201
2026-06-08 21:09:32,606 [INFO] Verify SSL: True
2026-06-08 21:09:32,606 [INFO] Station lat/lon: 22.3019, 114.1742; radius_km=5.00
2026-06-08 21:09:32,607 [INFO] Downloading: https://app.data.gov.hk/v1/historical-archive/get-file?url=https%3A%2F%2Fdata.weather.gov.hk%2FweatherAPI%2Fhko_data%2FF3%2FGridded_rainfall_nowcast.csv&time=20250201
2026-06-08 21:11:06,189 [INFO] Download result: {'status': 'downloaded', 'http_status': 200, 'zip_path': 'data\\raw_zip\\rainfall_nowcast\\gridded_rainfall_nowcast_20250201.zip', 'size_bytes': 489235501, 'url': 'https://app.data.gov.hk/v1/historical-archive/get-file?url=https%3A%2F%2Fdata.weather.gov.hk%2FweatherAPI%2Fhko_data%2FF3%2FGridded_rainfall_nowcast.csv&time=20250201'}
2026-06-08 21:11:06,214 [INFO] ZIP members selected: 2688
2026-06-08 21:11:26,152 [INFO] Processed members: 100/2688
2026-06-08 21:11:45,621 [INFO] Processed members: 200/2688
2026-06-08 21:12:09,390 [INFO] Processed members: 300/2688
2026-06-08 21:12:36,811 [INFO] Processed members: 400/2688
2026-06-08 21:13:02,787 [INFO] Processed members: 500/2688
2026-06-08 21:13:29,359 [INFO] Processed members: 600/2688
2026-06-08 21:13:57,927 [INFO] Processed members: 700/2688
2026-06-08 21:14:34,883 [INFO] Processed members: 800/2688
2026-06-08 21:15:08,878 [INFO] Processed members: 900/2688
2026-06-08 21:15:38,508 [INFO] Processed members: 1000/2688
2026-06-08 21:16:07,696 [INFO] Processed members: 1100/2688
2026-06-08 21:16:38,764 [INFO] Processed members: 1200/2688
2026-06-08 21:17:11,662 [INFO] Processed members: 1300/2688
2026-06-08 21:17:43,960 [INFO] Processed members: 1400/2688
2026-06-08 21:18:10,882 [INFO] Processed members: 1500/2688
2026-06-08 21:18:37,814 [INFO] Processed members: 1600/2688
2026-06-08 21:19:05,847 [INFO] Processed members: 1700/2688
2026-06-08 21:19:37,238 [INFO] Processed members: 1800/2688
2026-06-08 21:20:05,474 [INFO] Processed members: 1900/2688
2026-06-08 21:20:31,901 [INFO] Processed members: 2000/2688
2026-06-08 21:21:00,553 [INFO] Processed members: 2100/2688
2026-06-08 21:21:30,202 [INFO] Processed members: 2200/2688
2026-06-08 21:21:57,334 [INFO] Processed members: 2300/2688
2026-06-08 21:22:26,223 [INFO] Processed members: 2400/2688
2026-06-08 21:22:54,165 [INFO] Processed members: 2500/2688
2026-06-08 21:23:20,619 [INFO] Processed members: 2600/2688
2026-06-08 21:23:43,091 [INFO] Summary: {'status': 'completed', 'archive_id': '20250201', 'resolved_time_key': '20250201', 'download_result': {'status': 'downloaded', 'http_status': 200, 'zip_path': 'data\\raw_zip\\rainfall_nowcast\\gridded_rainfall_nowcast_20250201.zip', 'size_bytes': 489235501, 'url': 'https://app.data.gov.hk/v1/historical-archive/get-file?url=https%3A%2F%2Fdata.weather.gov.hk%2FweatherAPI%2Fhko_data%2FF3%2FGridded_rainfall_nowcast.csv&time=20250201'}, 'station_lat': 22.301944444444445, 'station_lon': 114.17416666666666, 'radius_km': 5.0, 'member_count': 2688, 'member_status_counts': {'processed': 2688}, 'long_rows': 10752, 'wide_rows': 2688, 'manifest_path': 'reports\\rainfall_nowcast\\member_manifest_20250201.parquet', 'nearest_grid_path': 'reports\\rainfall_nowcast\\nearest_hko_grid_points_20250201.csv', 'long_features_path': 'data\\features\\rainfall_nowcast\\rainfall_nowcast_station_features_long_20250201.parquet', 'wide_features_path': 'data\\features\\rainfall_nowcast\\rainfall_nowcast_station_features_wide_20250201.parquet'}
2026-06-08 21:23:43,134 [INFO] Deleted ZIP because --keep-zip was not set: data\raw_zip\rainfall_nowcast\gridded_rainfall_nowcast_20250201.zip
2026-06-08 22:27:07,161 [INFO] Resolved time_key: 20250201
2026-06-08 22:27:07,194 [INFO] Archive URL: https://app.data.gov.hk/v1/historical-archive/get-file?url=https%3A%2F%2Fdata.weather.gov.hk%2FweatherAPI%2Fhko_data%2FF3%2FGridded_rainfall_nowcast.csv&time=20250201
2026-06-08 22:27:07,194 [INFO] Verify SSL: True
2026-06-08 22:27:07,195 [INFO] Station lat/lon: 22.3019, 114.1742; radius_km=5.00
2026-06-08 22:27:07,195 [INFO] Downloading: https://app.data.gov.hk/v1/historical-archive/get-file?url=https%3A%2F%2Fdata.weather.gov.hk%2FweatherAPI%2Fhko_data%2FF3%2FGridded_rainfall_nowcast.csv&time=20250201
2026-06-08 22:27:16,417 [INFO] Download result: {'status': 'downloaded', 'http_status': 200, 'zip_path': 'data\\raw_zip\\rainfall_nowcast\\gridded_rainfall_nowcast_20250201.zip', 'size_bytes': 489235501, 'url': 'https://app.data.gov.hk/v1/historical-archive/get-file?url=https%3A%2F%2Fdata.weather.gov.hk%2FweatherAPI%2Fhko_data%2FF3%2FGridded_rainfall_nowcast.csv&time=20250201'}
2026-06-08 22:27:16,451 [INFO] ZIP members selected: 2688
2026-06-08 22:27:53,521 [INFO] Processed members: 100/2688
2026-06-08 22:28:27,849 [INFO] Processed members: 200/2688
2026-06-08 22:29:03,167 [INFO] Processed members: 300/2688
2026-06-08 22:29:48,370 [INFO] Processed members: 400/2688
2026-06-08 22:30:33,451 [INFO] Processed members: 500/2688
2026-06-08 22:31:15,247 [INFO] Processed members: 600/2688
2026-06-08 22:31:51,107 [INFO] Processed members: 700/2688
2026-06-08 22:32:23,492 [INFO] Processed members: 800/2688
2026-06-08 22:32:59,094 [INFO] Processed members: 900/2688
2026-06-08 22:33:32,786 [INFO] Processed members: 1000/2688
2026-06-08 22:34:07,224 [INFO] Processed members: 1100/2688
2026-06-08 22:34:34,471 [INFO] Processed members: 1200/2688
2026-06-08 22:35:01,362 [INFO] Processed members: 1300/2688
2026-06-08 22:35:27,478 [INFO] Processed members: 1400/2688
2026-06-08 22:35:53,778 [INFO] Processed members: 1500/2688
2026-06-08 22:36:19,914 [INFO] Processed members: 1600/2688
2026-06-08 22:36:46,557 [INFO] Processed members: 1700/2688
2026-06-08 22:37:18,898 [INFO] Processed members: 1800/2688
2026-06-08 22:37:47,812 [INFO] Processed members: 1900/2688
2026-06-08 22:38:23,381 [INFO] Processed members: 2000/2688
2026-06-08 22:39:03,846 [INFO] Processed members: 2100/2688
2026-06-08 22:39:38,919 [INFO] Processed members: 2200/2688
2026-06-08 22:40:08,321 [INFO] Processed members: 2300/2688
2026-06-08 22:40:37,593 [INFO] Processed members: 2400/2688
2026-06-08 22:41:06,878 [INFO] Processed members: 2500/2688
2026-06-08 22:41:35,556 [INFO] Processed members: 2600/2688
2026-06-08 22:42:00,110 [INFO] Summary: {'status': 'completed', 'archive_id': '20250201', 'resolved_time_key': '20250201', 'download_result': {'status': 'downloaded', 'http_status': 200, 'zip_path': 'data\\raw_zip\\rainfall_nowcast\\gridded_rainfall_nowcast_20250201.zip', 'size_bytes': 489235501, 'url': 'https://app.data.gov.hk/v1/historical-archive/get-file?url=https%3A%2F%2Fdata.weather.gov.hk%2FweatherAPI%2Fhko_data%2FF3%2FGridded_rainfall_nowcast.csv&time=20250201'}, 'station_lat': 22.301944444444445, 'station_lon': 114.17416666666666, 'radius_km': 5.0, 'member_count': 2688, 'member_status_counts': {'processed': 2688}, 'long_rows': 10752, 'wide_rows': 2688, 'manifest_path': 'reports\\rainfall_nowcast\\member_manifest_20250201.parquet', 'nearest_grid_path': 'reports\\rainfall_nowcast\\nearest_hko_grid_points_20250201.csv', 'long_features_path': 'data\\features\\rainfall_nowcast\\rainfall_nowcast_station_features_long_20250201.parquet', 'wide_features_path': 'data\\features\\rainfall_nowcast\\rainfall_nowcast_station_features_wide_20250201.parquet'}
2026-06-08 22:42:00,152 [INFO] Deleted ZIP because --keep-zip was not set: data\raw_zip\rainfall_nowcast\gridded_rainfall_nowcast_20250201.zip
