2026-06-08 21:56:35,068 [INFO] Resolved time_key: 20230601
2026-06-08 21:56:35,068 [INFO] Archive URL: https://app.data.gov.hk/v1/historical-archive/get-file?url=https%3A%2F%2Fdata.weather.gov.hk%2FweatherAPI%2Fhko_data%2FF3%2FGridded_rainfall_nowcast.csv&time=20230601
2026-06-08 21:56:35,069 [INFO] Verify SSL: True
2026-06-08 21:56:35,069 [INFO] Station lat/lon: 22.3019, 114.1742; radius_km=5.00
2026-06-08 21:56:35,070 [INFO] Downloading: https://app.data.gov.hk/v1/historical-archive/get-file?url=https%3A%2F%2Fdata.weather.gov.hk%2FweatherAPI%2Fhko_data%2FF3%2FGridded_rainfall_nowcast.csv&time=20230601
2026-06-08 21:56:44,966 [INFO] Download result: {'status': 'downloaded', 'http_status': 200, 'zip_path': 'data\\raw_zip\\rainfall_nowcast\\gridded_rainfall_nowcast_20230601.zip', 'size_bytes': 579465711, 'url': 'https://app.data.gov.hk/v1/historical-archive/get-file?url=https%3A%2F%2Fdata.weather.gov.hk%2FweatherAPI%2Fhko_data%2FF3%2FGridded_rainfall_nowcast.csv&time=20230601'}
2026-06-08 21:56:45,002 [INFO] ZIP members selected: 2877
2026-06-08 21:57:11,460 [INFO] Processed members: 100/2877
2026-06-08 21:57:37,489 [INFO] Processed members: 200/2877
2026-06-08 21:58:03,642 [INFO] Processed members: 300/2877
2026-06-08 21:58:29,937 [INFO] Processed members: 400/2877
2026-06-08 21:58:56,144 [INFO] Processed members: 500/2877
2026-06-08 21:59:22,389 [INFO] Processed members: 600/2877
2026-06-08 21:59:48,381 [INFO] Processed members: 700/2877
2026-06-08 22:00:15,016 [INFO] Processed members: 800/2877
2026-06-08 22:00:40,993 [INFO] Processed members: 900/2877
2026-06-08 22:01:07,277 [INFO] Processed members: 1000/2877
2026-06-08 22:01:32,855 [INFO] Processed members: 1100/2877
2026-06-08 22:01:58,653 [INFO] Processed members: 1200/2877
2026-06-08 22:02:24,636 [INFO] Processed members: 1300/2877
2026-06-08 22:02:50,539 [INFO] Processed members: 1400/2877
2026-06-08 22:03:16,750 [INFO] Processed members: 1500/2877
2026-06-08 22:03:42,865 [INFO] Processed members: 1600/2877
2026-06-08 22:04:08,932 [INFO] Processed members: 1700/2877
2026-06-08 22:04:35,938 [INFO] Processed members: 1800/2877
2026-06-08 22:05:02,529 [INFO] Processed members: 1900/2877
2026-06-08 22:05:28,643 [INFO] Processed members: 2000/2877
2026-06-08 22:05:55,008 [INFO] Processed members: 2100/2877
2026-06-08 22:06:21,849 [INFO] Processed members: 2200/2877
2026-06-08 22:06:47,875 [INFO] Processed members: 2300/2877
2026-06-08 22:07:12,585 [INFO] Processed members: 2400/2877
2026-06-08 22:07:34,501 [INFO] Processed members: 2500/2877
2026-06-08 22:07:56,377 [INFO] Processed members: 2600/2877
2026-06-08 22:08:21,518 [INFO] Processed members: 2700/2877
2026-06-08 22:08:45,843 [INFO] Processed members: 2800/2877
2026-06-08 22:09:05,997 [INFO] Summary: {'status': 'completed', 'archive_id': '20230601', 'resolved_time_key': '20230601', 'download_result': {'status': 'downloaded', 'http_status': 200, 'zip_path': 'data\\raw_zip\\rainfall_nowcast\\gridded_rainfall_nowcast_20230601.zip', 'size_bytes': 579465711, 'url': 'https://app.data.gov.hk/v1/historical-archive/get-file?url=https%3A%2F%2Fdata.weather.gov.hk%2FweatherAPI%2Fhko_data%2FF3%2FGridded_rainfall_nowcast.csv&time=20230601'}, 'station_lat': 22.301944444444445, 'station_lon': 114.17416666666666, 'radius_km': 5.0, 'member_count': 2877, 'member_status_counts': {'processed': 2875, 'failed': 2}, 'long_rows': 11500, 'wide_rows': 2867, 'manifest_path': 'reports\\rainfall_nowcast\\member_manifest_20230601.parquet', 'nearest_grid_path': 'reports\\rainfall_nowcast\\nearest_hko_grid_points_20230601.csv', 'long_features_path': 'data\\features\\rainfall_nowcast\\rainfall_nowcast_station_features_long_20230601.parquet', 'wide_features_path': 'data\\features\\rainfall_nowcast\\rainfall_nowcast_station_features_wide_20230601.parquet'}
2026-06-08 22:09:19,143 [INFO] Deleted ZIP because --keep-zip was not set: data\raw_zip\rainfall_nowcast\gridded_rainfall_nowcast_20230601.zip
