2026-06-08 21:14:28,653 [INFO] Resolved time_key: 20230301
2026-06-08 21:14:28,656 [INFO] Archive URL: https://app.data.gov.hk/v1/historical-archive/get-file?url=https%3A%2F%2Fdata.weather.gov.hk%2FweatherAPI%2Fhko_data%2FF3%2FGridded_rainfall_nowcast.csv&time=20230301
2026-06-08 21:14:28,661 [INFO] Verify SSL: True
2026-06-08 21:14:28,665 [INFO] Station lat/lon: 22.3019, 114.1742; radius_km=5.00
2026-06-08 21:14:28,666 [INFO] Downloading: https://app.data.gov.hk/v1/historical-archive/get-file?url=https%3A%2F%2Fdata.weather.gov.hk%2FweatherAPI%2Fhko_data%2FF3%2FGridded_rainfall_nowcast.csv&time=20230301
2026-06-08 21:15:06,693 [INFO] Download result: {'status': 'downloaded', 'http_status': 200, 'zip_path': 'data\\raw_zip\\rainfall_nowcast\\gridded_rainfall_nowcast_20230301.zip', 'size_bytes': 541867583, 'url': 'https://app.data.gov.hk/v1/historical-archive/get-file?url=https%3A%2F%2Fdata.weather.gov.hk%2FweatherAPI%2Fhko_data%2FF3%2FGridded_rainfall_nowcast.csv&time=20230301'}
2026-06-08 21:15:06,747 [INFO] ZIP members selected: 2966
2026-06-08 21:15:37,023 [INFO] Processed members: 100/2966
2026-06-08 21:16:05,772 [INFO] Processed members: 200/2966
2026-06-08 21:16:37,438 [INFO] Processed members: 300/2966
2026-06-08 21:17:10,130 [INFO] Processed members: 400/2966
2026-06-08 21:17:42,150 [INFO] Processed members: 500/2966
2026-06-08 21:18:08,934 [INFO] Processed members: 600/2966
2026-06-08 21:18:36,068 [INFO] Processed members: 700/2966
2026-06-08 21:19:03,720 [INFO] Processed members: 800/2966
2026-06-08 21:19:34,784 [INFO] Processed members: 900/2966
2026-06-08 21:20:03,314 [INFO] Processed members: 1000/2966
2026-06-08 21:20:29,844 [INFO] Processed members: 1100/2966
2026-06-08 21:20:58,239 [INFO] Processed members: 1200/2966
2026-06-08 21:21:27,431 [INFO] Processed members: 1300/2966
2026-06-08 21:21:54,452 [INFO] Processed members: 1400/2966
2026-06-08 21:22:23,247 [INFO] Processed members: 1500/2966
2026-06-08 21:22:51,505 [INFO] Processed members: 1600/2966
2026-06-08 21:23:18,286 [INFO] Processed members: 1700/2966
2026-06-08 21:23:43,121 [INFO] Processed members: 1800/2966
2026-06-08 21:24:06,460 [INFO] Processed members: 1900/2966
2026-06-08 21:24:29,255 [INFO] Processed members: 2000/2966
2026-06-08 21:24:51,704 [INFO] Processed members: 2100/2966
2026-06-08 21:25:14,562 [INFO] Processed members: 2200/2966
2026-06-08 21:25:38,751 [INFO] Processed members: 2300/2966
2026-06-08 21:26:03,786 [INFO] Processed members: 2400/2966
2026-06-08 21:26:25,564 [INFO] Processed members: 2500/2966
2026-06-08 21:26:46,195 [INFO] Processed members: 2600/2966
2026-06-08 21:27:10,378 [INFO] Processed members: 2700/2966
2026-06-08 21:27:32,406 [INFO] Processed members: 2800/2966
2026-06-08 21:27:58,215 [INFO] Processed members: 2900/2966
2026-06-08 21:28:16,528 [INFO] Summary: {'status': 'completed', 'archive_id': '20230301', 'resolved_time_key': '20230301', 'download_result': {'status': 'downloaded', 'http_status': 200, 'zip_path': 'data\\raw_zip\\rainfall_nowcast\\gridded_rainfall_nowcast_20230301.zip', 'size_bytes': 541867583, 'url': 'https://app.data.gov.hk/v1/historical-archive/get-file?url=https%3A%2F%2Fdata.weather.gov.hk%2FweatherAPI%2Fhko_data%2FF3%2FGridded_rainfall_nowcast.csv&time=20230301'}, 'station_lat': 22.301944444444445, 'station_lon': 114.17416666666666, 'radius_km': 5.0, 'member_count': 2966, 'member_status_counts': {'processed': 2966}, 'long_rows': 11864, 'wide_rows': 2966, 'manifest_path': 'reports\\rainfall_nowcast\\member_manifest_20230301.parquet', 'nearest_grid_path': 'reports\\rainfall_nowcast\\nearest_hko_grid_points_20230301.csv', 'long_features_path': 'data\\features\\rainfall_nowcast\\rainfall_nowcast_station_features_long_20230301.parquet', 'wide_features_path': 'data\\features\\rainfall_nowcast\\rainfall_nowcast_station_features_wide_20230301.parquet'}
2026-06-08 21:29:19,185 [INFO] Deleted ZIP because --keep-zip was not set: data\raw_zip\rainfall_nowcast\gridded_rainfall_nowcast_20230301.zip
