2026-06-08 22:15:22,092 [INFO] Resolved time_key: 20240801
2026-06-08 22:15:22,109 [INFO] Archive URL: https://app.data.gov.hk/v1/historical-archive/get-file?url=https%3A%2F%2Fdata.weather.gov.hk%2FweatherAPI%2Fhko_data%2FF3%2FGridded_rainfall_nowcast.csv&time=20240801
2026-06-08 22:15:22,126 [INFO] Verify SSL: True
2026-06-08 22:15:22,132 [INFO] Station lat/lon: 22.3019, 114.1742; radius_km=5.00
2026-06-08 22:15:22,159 [INFO] Downloading: https://app.data.gov.hk/v1/historical-archive/get-file?url=https%3A%2F%2Fdata.weather.gov.hk%2FweatherAPI%2Fhko_data%2FF3%2FGridded_rainfall_nowcast.csv&time=20240801
2026-06-08 22:15:32,445 [INFO] Download result: {'status': 'downloaded', 'http_status': 200, 'zip_path': 'data\\raw_zip\\rainfall_nowcast\\gridded_rainfall_nowcast_20240801.zip', 'size_bytes': 586652483, 'url': 'https://app.data.gov.hk/v1/historical-archive/get-file?url=https%3A%2F%2Fdata.weather.gov.hk%2FweatherAPI%2Fhko_data%2FF3%2FGridded_rainfall_nowcast.csv&time=20240801'}
2026-06-08 22:15:32,563 [INFO] ZIP members selected: 2974
2026-06-08 22:16:07,860 [INFO] Processed members: 100/2974
2026-06-08 22:16:39,919 [INFO] Processed members: 200/2974
2026-06-08 22:17:13,764 [INFO] Processed members: 300/2974
2026-06-08 22:17:45,743 [INFO] Processed members: 400/2974
2026-06-08 22:18:19,406 [INFO] Processed members: 500/2974
2026-06-08 22:18:53,049 [INFO] Processed members: 600/2974
2026-06-08 22:19:26,667 [INFO] Processed members: 700/2974
2026-06-08 22:20:04,451 [INFO] Processed members: 800/2974
2026-06-08 22:20:40,694 [INFO] Processed members: 900/2974
2026-06-08 22:21:16,386 [INFO] Processed members: 1000/2974
2026-06-08 22:21:47,582 [INFO] Processed members: 1100/2974
2026-06-08 22:22:19,875 [INFO] Processed members: 1200/2974
2026-06-08 22:22:53,093 [INFO] Processed members: 1300/2974
2026-06-08 22:23:26,332 [INFO] Processed members: 1400/2974
2026-06-08 22:23:50,376 [INFO] Processed members: 1500/2974
2026-06-08 22:24:14,075 [INFO] Processed members: 1600/2974
2026-06-08 22:24:38,004 [INFO] Processed members: 1700/2974
2026-06-08 22:25:01,616 [INFO] Processed members: 1800/2974
2026-06-08 22:25:24,036 [INFO] Processed members: 1900/2974
2026-06-08 22:25:46,420 [INFO] Processed members: 2000/2974
2026-06-08 22:26:10,459 [INFO] Processed members: 2100/2974
2026-06-08 22:26:32,962 [INFO] Processed members: 2200/2974
2026-06-08 22:26:53,299 [INFO] Resolved time_key: 20240801
2026-06-08 22:26:53,300 [INFO] Archive URL: https://app.data.gov.hk/v1/historical-archive/get-file?url=https%3A%2F%2Fdata.weather.gov.hk%2FweatherAPI%2Fhko_data%2FF3%2FGridded_rainfall_nowcast.csv&time=20240801
2026-06-08 22:26:53,300 [INFO] Verify SSL: True
2026-06-08 22:26:53,301 [INFO] Station lat/lon: 22.3019, 114.1742; radius_km=5.00
2026-06-08 22:26:53,301 [INFO] Download result: {'status': 'skip_exists', 'zip_path': 'data\\raw_zip\\rainfall_nowcast\\gridded_rainfall_nowcast_20240801.zip', 'size_bytes': 586652483, 'url': 'https://app.data.gov.hk/v1/historical-archive/get-file?url=https%3A%2F%2Fdata.weather.gov.hk%2FweatherAPI%2Fhko_data%2FF3%2FGridded_rainfall_nowcast.csv&time=20240801'}
2026-06-08 22:26:53,318 [INFO] ZIP members selected: 2974
2026-06-08 22:26:57,584 [INFO] Processed members: 2300/2974
2026-06-08 22:27:21,705 [INFO] Processed members: 100/2974
2026-06-08 22:27:26,087 [INFO] Processed members: 2400/2974
2026-06-08 22:27:57,513 [INFO] Processed members: 200/2974
2026-06-08 22:27:59,699 [INFO] Processed members: 2500/2974
2026-06-08 22:28:31,762 [INFO] Processed members: 300/2974
2026-06-08 22:28:34,139 [INFO] Processed members: 2600/2974
2026-06-08 22:29:07,966 [INFO] Processed members: 400/2974
2026-06-08 22:29:12,617 [INFO] Processed members: 2700/2974
2026-06-08 22:29:50,476 [INFO] Processed members: 500/2974
2026-06-08 22:29:56,686 [INFO] Processed members: 2800/2974
2026-06-08 22:30:33,298 [INFO] Processed members: 600/2974
2026-06-08 22:30:43,224 [INFO] Processed members: 2900/2974
2026-06-08 22:31:19,232 [INFO] Summary: {'status': 'completed', 'archive_id': '20240801', 'resolved_time_key': '20240801', 'download_result': {'status': 'downloaded', 'http_status': 200, 'zip_path': 'data\\raw_zip\\rainfall_nowcast\\gridded_rainfall_nowcast_20240801.zip', 'size_bytes': 586652483, 'url': 'https://app.data.gov.hk/v1/historical-archive/get-file?url=https%3A%2F%2Fdata.weather.gov.hk%2FweatherAPI%2Fhko_data%2FF3%2FGridded_rainfall_nowcast.csv&time=20240801'}, 'station_lat': 22.301944444444445, 'station_lon': 114.17416666666666, 'radius_km': 5.0, 'member_count': 2974, 'member_status_counts': {'processed': 2974}, 'long_rows': 11890, 'wide_rows': 2973, 'manifest_path': 'reports\\rainfall_nowcast\\member_manifest_20240801.parquet', 'nearest_grid_path': 'reports\\rainfall_nowcast\\nearest_hko_grid_points_20240801.csv', 'long_features_path': 'data\\features\\rainfall_nowcast\\rainfall_nowcast_station_features_long_20240801.parquet', 'wide_features_path': 'data\\features\\rainfall_nowcast\\rainfall_nowcast_station_features_wide_20240801.parquet'}
2026-06-08 22:31:19,251 [WARNING] Could not delete ZIP: data\raw_zip\rainfall_nowcast\gridded_rainfall_nowcast_20240801.zip; repr: PermissionError(13, 'The process cannot access the file because it is being used by another process')
2026-06-08 22:31:20,875 [INFO] Processed members: 700/2974
2026-06-08 22:31:56,206 [INFO] Processed members: 800/2974
2026-06-08 22:32:29,493 [INFO] Processed members: 900/2974
2026-06-08 22:33:05,471 [INFO] Processed members: 1000/2974
2026-06-08 22:33:38,351 [INFO] Processed members: 1100/2974
2026-06-08 22:34:12,356 [INFO] Processed members: 1200/2974
2026-06-08 22:34:39,580 [INFO] Processed members: 1300/2974
2026-06-08 22:35:06,206 [INFO] Processed members: 1400/2974
2026-06-08 22:35:32,415 [INFO] Processed members: 1500/2974
2026-06-08 22:35:58,911 [INFO] Processed members: 1600/2974
2026-06-08 22:36:25,275 [INFO] Processed members: 1700/2974
2026-06-08 22:36:55,168 [INFO] Processed members: 1800/2974
2026-06-08 22:37:25,649 [INFO] Processed members: 1900/2974
2026-06-08 22:37:54,612 [INFO] Processed members: 2000/2974
2026-06-08 22:38:32,850 [INFO] Processed members: 2100/2974
2026-06-08 22:39:13,482 [INFO] Processed members: 2200/2974
2026-06-08 22:39:44,825 [INFO] Processed members: 2300/2974
2026-06-08 22:40:14,374 [INFO] Processed members: 2400/2974
2026-06-08 22:40:43,595 [INFO] Processed members: 2500/2974
2026-06-08 22:41:12,442 [INFO] Processed members: 2600/2974
2026-06-08 22:41:42,187 [INFO] Processed members: 2700/2974
2026-06-08 22:42:08,024 [INFO] Processed members: 2800/2974
2026-06-08 22:42:32,404 [INFO] Processed members: 2900/2974
2026-06-08 22:42:50,639 [INFO] Summary: {'status': 'completed', 'archive_id': '20240801', 'resolved_time_key': '20240801', 'download_result': {'status': 'skip_exists', 'zip_path': 'data\\raw_zip\\rainfall_nowcast\\gridded_rainfall_nowcast_20240801.zip', 'size_bytes': 586652483, 'url': 'https://app.data.gov.hk/v1/historical-archive/get-file?url=https%3A%2F%2Fdata.weather.gov.hk%2FweatherAPI%2Fhko_data%2FF3%2FGridded_rainfall_nowcast.csv&time=20240801'}, 'station_lat': 22.301944444444445, 'station_lon': 114.17416666666666, 'radius_km': 5.0, 'member_count': 2974, 'member_status_counts': {'processed': 2974}, 'long_rows': 11890, 'wide_rows': 2973, 'manifest_path': 'reports\\rainfall_nowcast\\member_manifest_20240801.parquet', 'nearest_grid_path': 'reports\\rainfall_nowcast\\nearest_hko_grid_points_20240801.csv', 'long_features_path': 'data\\features\\rainfall_nowcast\\rainfall_nowcast_station_features_long_20240801.parquet', 'wide_features_path': 'data\\features\\rainfall_nowcast\\rainfall_nowcast_station_features_wide_20240801.parquet'}
2026-06-08 22:42:50,677 [INFO] Deleted ZIP because --keep-zip was not set: data\raw_zip\rainfall_nowcast\gridded_rainfall_nowcast_20240801.zip
