2026-06-08 20:16:02,945 [INFO] Resolved time_key: 20220901
2026-06-08 20:16:02,945 [INFO] Archive URL: https://app.data.gov.hk/v1/historical-archive/get-file?url=https%3A%2F%2Fdata.weather.gov.hk%2FweatherAPI%2Fhko_data%2FF3%2FGridded_rainfall_nowcast.csv&time=20220901
2026-06-08 20:16:02,946 [INFO] Verify SSL: True
2026-06-08 20:16:02,952 [INFO] Station lat/lon: 22.3019, 114.1742; radius_km=5.00
2026-06-08 20:16:02,953 [INFO] Downloading: https://app.data.gov.hk/v1/historical-archive/get-file?url=https%3A%2F%2Fdata.weather.gov.hk%2FweatherAPI%2Fhko_data%2FF3%2FGridded_rainfall_nowcast.csv&time=20220901
2026-06-08 20:16:13,073 [INFO] Download result: {'status': 'downloaded', 'http_status': 200, 'zip_path': 'data\\raw_zip\\rainfall_nowcast\\gridded_rainfall_nowcast_20220901.zip', 'size_bytes': 573448393, 'url': 'https://app.data.gov.hk/v1/historical-archive/get-file?url=https%3A%2F%2Fdata.weather.gov.hk%2FweatherAPI%2Fhko_data%2FF3%2FGridded_rainfall_nowcast.csv&time=20220901'}
2026-06-08 20:16:13,095 [INFO] ZIP members selected: 2879
2026-06-08 20:16:29,288 [INFO] Processed members: 100/2879
2026-06-08 20:16:45,518 [INFO] Processed members: 200/2879
2026-06-08 20:17:02,527 [INFO] Processed members: 300/2879
2026-06-08 20:17:19,194 [INFO] Processed members: 400/2879
2026-06-08 20:17:35,995 [INFO] Processed members: 500/2879
2026-06-08 20:17:52,299 [INFO] Processed members: 600/2879
2026-06-08 20:18:09,141 [INFO] Processed members: 700/2879
2026-06-08 20:18:26,470 [INFO] Processed members: 800/2879
2026-06-08 20:18:42,498 [INFO] Processed members: 900/2879
2026-06-08 20:18:58,386 [INFO] Processed members: 1000/2879
2026-06-08 20:19:14,694 [INFO] Processed members: 1100/2879
2026-06-08 20:19:31,862 [INFO] Processed members: 1200/2879
2026-06-08 20:19:48,208 [INFO] Processed members: 1300/2879
2026-06-08 20:20:04,063 [INFO] Processed members: 1400/2879
2026-06-08 20:20:19,738 [INFO] Processed members: 1500/2879
2026-06-08 20:20:35,579 [INFO] Processed members: 1600/2879
2026-06-08 20:20:51,421 [INFO] Processed members: 1700/2879
2026-06-08 20:21:07,397 [INFO] Processed members: 1800/2879
2026-06-08 20:21:23,276 [INFO] Processed members: 1900/2879
2026-06-08 20:21:39,118 [INFO] Processed members: 2000/2879
2026-06-08 20:21:55,060 [INFO] Processed members: 2100/2879
2026-06-08 20:22:11,007 [INFO] Processed members: 2200/2879
2026-06-08 20:22:26,943 [INFO] Processed members: 2300/2879
2026-06-08 20:22:42,746 [INFO] Processed members: 2400/2879
2026-06-08 20:22:58,729 [INFO] Processed members: 2500/2879
2026-06-08 20:23:14,492 [INFO] Processed members: 2600/2879
2026-06-08 20:23:30,261 [INFO] Processed members: 2700/2879
2026-06-08 20:23:45,886 [INFO] Processed members: 2800/2879
2026-06-08 20:23:59,000 [INFO] Summary: {'status': 'completed', 'archive_id': '20220901', 'resolved_time_key': '20220901', 'download_result': {'status': 'downloaded', 'http_status': 200, 'zip_path': 'data\\raw_zip\\rainfall_nowcast\\gridded_rainfall_nowcast_20220901.zip', 'size_bytes': 573448393, 'url': 'https://app.data.gov.hk/v1/historical-archive/get-file?url=https%3A%2F%2Fdata.weather.gov.hk%2FweatherAPI%2Fhko_data%2FF3%2FGridded_rainfall_nowcast.csv&time=20220901'}, 'station_lat': 22.301944444444445, 'station_lon': 114.17416666666666, 'radius_km': 5.0, 'member_count': 2879, 'member_status_counts': {'processed': 2879}, 'long_rows': 11516, 'wide_rows': 2879, 'manifest_path': 'reports\\rainfall_nowcast\\member_manifest_20220901.parquet', 'nearest_grid_path': 'reports\\rainfall_nowcast\\nearest_hko_grid_points_20220901.csv', 'long_features_path': 'data\\features\\rainfall_nowcast\\rainfall_nowcast_station_features_long_20220901.parquet', 'wide_features_path': 'data\\features\\rainfall_nowcast\\rainfall_nowcast_station_features_wide_20220901.parquet'}
2026-06-08 20:25:29,056 [INFO] Deleted ZIP because --keep-zip was not set: data\raw_zip\rainfall_nowcast\gridded_rainfall_nowcast_20220901.zip
