2026-06-08 22:27:18,408 [INFO] Resolved time_key: 20250601
2026-06-08 22:27:18,410 [INFO] Archive URL: https://app.data.gov.hk/v1/historical-archive/get-file?url=https%3A%2F%2Fdata.weather.gov.hk%2FweatherAPI%2Fhko_data%2FF3%2FGridded_rainfall_nowcast.csv&time=20250601
2026-06-08 22:27:18,410 [INFO] Verify SSL: True
2026-06-08 22:27:18,411 [INFO] Station lat/lon: 22.3019, 114.1742; radius_km=5.00
2026-06-08 22:27:18,412 [INFO] Downloading: https://app.data.gov.hk/v1/historical-archive/get-file?url=https%3A%2F%2Fdata.weather.gov.hk%2FweatherAPI%2Fhko_data%2FF3%2FGridded_rainfall_nowcast.csv&time=20250601
2026-06-08 22:27:43,319 [INFO] Download result: {'status': 'downloaded', 'http_status': 200, 'zip_path': 'data\\raw_zip\\rainfall_nowcast\\gridded_rainfall_nowcast_20250601.zip', 'size_bytes': 580612043, 'url': 'https://app.data.gov.hk/v1/historical-archive/get-file?url=https%3A%2F%2Fdata.weather.gov.hk%2FweatherAPI%2Fhko_data%2FF3%2FGridded_rainfall_nowcast.csv&time=20250601'}
2026-06-08 22:27:43,354 [INFO] ZIP members selected: 2875
2026-06-08 22:28:17,735 [INFO] Processed members: 100/2875
2026-06-08 22:28:55,389 [INFO] Processed members: 200/2875
2026-06-08 22:29:36,883 [INFO] Processed members: 300/2875
2026-06-08 22:30:21,266 [INFO] Processed members: 400/2875
2026-06-08 22:31:07,834 [INFO] Processed members: 500/2875
2026-06-08 22:31:44,892 [INFO] Processed members: 600/2875
2026-06-08 22:32:17,189 [INFO] Processed members: 700/2875
2026-06-08 22:32:51,661 [INFO] Processed members: 800/2875
2026-06-08 22:33:24,360 [INFO] Processed members: 900/2875
2026-06-08 22:33:59,559 [INFO] Processed members: 1000/2875
2026-06-08 22:34:27,359 [INFO] Processed members: 1100/2875
2026-06-08 22:34:54,284 [INFO] Processed members: 1200/2875
2026-06-08 22:35:20,726 [INFO] Processed members: 1300/2875
2026-06-08 22:35:46,836 [INFO] Processed members: 1400/2875
2026-06-08 22:36:13,225 [INFO] Processed members: 1500/2875
2026-06-08 22:36:39,652 [INFO] Processed members: 1600/2875
2026-06-08 22:37:12,224 [INFO] Processed members: 1700/2875
2026-06-08 22:37:41,569 [INFO] Processed members: 1800/2875
2026-06-08 22:38:14,662 [INFO] Processed members: 1900/2875
2026-06-08 22:38:55,031 [INFO] Processed members: 2000/2875
2026-06-08 22:39:33,220 [INFO] Processed members: 2100/2875
2026-06-08 22:40:02,481 [INFO] Processed members: 2200/2875
2026-06-08 22:40:31,626 [INFO] Processed members: 2300/2875
2026-06-08 22:41:00,681 [INFO] Processed members: 2400/2875
2026-06-08 22:41:29,703 [INFO] Processed members: 2500/2875
2026-06-08 22:41:58,078 [INFO] Processed members: 2600/2875
2026-06-08 22:42:22,391 [INFO] Processed members: 2700/2875
2026-06-08 22:42:46,591 [INFO] Processed members: 2800/2875
2026-06-08 22:43:04,499 [INFO] Summary: {'status': 'completed', 'archive_id': '20250601', 'resolved_time_key': '20250601', 'download_result': {'status': 'downloaded', 'http_status': 200, 'zip_path': 'data\\raw_zip\\rainfall_nowcast\\gridded_rainfall_nowcast_20250601.zip', 'size_bytes': 580612043, 'url': 'https://app.data.gov.hk/v1/historical-archive/get-file?url=https%3A%2F%2Fdata.weather.gov.hk%2FweatherAPI%2Fhko_data%2FF3%2FGridded_rainfall_nowcast.csv&time=20250601'}, 'station_lat': 22.301944444444445, 'station_lon': 114.17416666666666, 'radius_km': 5.0, 'member_count': 2875, 'member_status_counts': {'processed': 2875}, 'long_rows': 11500, 'wide_rows': 2875, 'manifest_path': 'reports\\rainfall_nowcast\\member_manifest_20250601.parquet', 'nearest_grid_path': 'reports\\rainfall_nowcast\\nearest_hko_grid_points_20250601.csv', 'long_features_path': 'data\\features\\rainfall_nowcast\\rainfall_nowcast_station_features_long_20250601.parquet', 'wide_features_path': 'data\\features\\rainfall_nowcast\\rainfall_nowcast_station_features_wide_20250601.parquet'}
2026-06-08 22:43:04,539 [INFO] Deleted ZIP because --keep-zip was not set: data\raw_zip\rainfall_nowcast\gridded_rainfall_nowcast_20250601.zip
