2026-06-08 21:38:13,570 [INFO] Resolved time_key: 20251201
2026-06-08 21:38:13,572 [INFO] Archive URL: https://app.data.gov.hk/v1/historical-archive/get-file?url=https%3A%2F%2Fdata.weather.gov.hk%2FweatherAPI%2Fhko_data%2FF3%2FGridded_rainfall_nowcast.csv&time=20251201
2026-06-08 21:38:13,575 [INFO] Verify SSL: True
2026-06-08 21:38:13,576 [INFO] Station lat/lon: 22.3019, 114.1742; radius_km=5.00
2026-06-08 21:38:13,576 [INFO] Downloading: https://app.data.gov.hk/v1/historical-archive/get-file?url=https%3A%2F%2Fdata.weather.gov.hk%2FweatherAPI%2Fhko_data%2FF3%2FGridded_rainfall_nowcast.csv&time=20251201
2026-06-08 21:38:50,330 [INFO] Download result: {'status': 'downloaded', 'http_status': 200, 'zip_path': 'data\\raw_zip\\rainfall_nowcast\\gridded_rainfall_nowcast_20251201.zip', 'size_bytes': 534596763, 'url': 'https://app.data.gov.hk/v1/historical-archive/get-file?url=https%3A%2F%2Fdata.weather.gov.hk%2FweatherAPI%2Fhko_data%2FF3%2FGridded_rainfall_nowcast.csv&time=20251201'}
2026-06-08 21:38:50,361 [INFO] ZIP members selected: 2955
2026-06-08 21:39:17,327 [INFO] Processed members: 100/2955
2026-06-08 21:39:44,028 [INFO] Processed members: 200/2955
2026-06-08 21:40:07,430 [INFO] Processed members: 300/2955
2026-06-08 21:40:31,433 [INFO] Processed members: 400/2955
2026-06-08 21:40:51,545 [INFO] Processed members: 500/2955
2026-06-08 21:41:14,911 [INFO] Processed members: 600/2955
2026-06-08 21:41:39,179 [INFO] Processed members: 700/2955
2026-06-08 21:42:05,440 [INFO] Processed members: 800/2955
2026-06-08 21:42:30,806 [INFO] Processed members: 900/2955
2026-06-08 21:42:57,141 [INFO] Processed members: 1000/2955
2026-06-08 21:43:23,467 [INFO] Processed members: 1100/2955
2026-06-08 21:43:49,737 [INFO] Processed members: 1200/2955
2026-06-08 21:44:16,953 [INFO] Processed members: 1300/2955
2026-06-08 21:44:43,281 [INFO] Processed members: 1400/2955
2026-06-08 21:45:10,130 [INFO] Processed members: 1500/2955
2026-06-08 21:45:38,616 [INFO] Processed members: 1600/2955
2026-06-08 21:46:11,234 [INFO] Processed members: 1700/2955
2026-06-08 21:46:52,022 [INFO] Processed members: 1800/2955
2026-06-08 21:47:31,665 [INFO] Processed members: 1900/2955
2026-06-08 21:48:02,953 [INFO] Processed members: 2000/2955
2026-06-08 21:48:33,101 [INFO] Processed members: 2100/2955
2026-06-08 21:49:00,983 [INFO] Processed members: 2200/2955
2026-06-08 21:49:28,056 [INFO] Processed members: 2300/2955
2026-06-08 21:49:58,037 [INFO] Processed members: 2400/2955
2026-06-08 21:50:30,533 [INFO] Processed members: 2500/2955
2026-06-08 21:51:00,764 [INFO] Processed members: 2600/2955
2026-06-08 21:51:30,508 [INFO] Processed members: 2700/2955
2026-06-08 21:51:59,000 [INFO] Processed members: 2800/2955
2026-06-08 21:52:27,364 [INFO] Processed members: 2900/2955
2026-06-08 21:52:43,952 [INFO] Summary: {'status': 'completed', 'archive_id': '20251201', 'resolved_time_key': '20251201', 'download_result': {'status': 'downloaded', 'http_status': 200, 'zip_path': 'data\\raw_zip\\rainfall_nowcast\\gridded_rainfall_nowcast_20251201.zip', 'size_bytes': 534596763, 'url': 'https://app.data.gov.hk/v1/historical-archive/get-file?url=https%3A%2F%2Fdata.weather.gov.hk%2FweatherAPI%2Fhko_data%2FF3%2FGridded_rainfall_nowcast.csv&time=20251201'}, 'station_lat': 22.301944444444445, 'station_lon': 114.17416666666666, 'radius_km': 5.0, 'member_count': 2955, 'member_status_counts': {'processed': 2955}, 'long_rows': 11820, 'wide_rows': 2955, 'manifest_path': 'reports\\rainfall_nowcast\\member_manifest_20251201.parquet', 'nearest_grid_path': 'reports\\rainfall_nowcast\\nearest_hko_grid_points_20251201.csv', 'long_features_path': 'data\\features\\rainfall_nowcast\\rainfall_nowcast_station_features_long_20251201.parquet', 'wide_features_path': 'data\\features\\rainfall_nowcast\\rainfall_nowcast_station_features_wide_20251201.parquet'}
2026-06-08 21:52:44,045 [INFO] Deleted ZIP because --keep-zip was not set: data\raw_zip\rainfall_nowcast\gridded_rainfall_nowcast_20251201.zip
