2026-06-08 22:08:24,162 [INFO] Resolved time_key: 20231201
2026-06-08 22:08:24,163 [INFO] Archive URL: https://app.data.gov.hk/v1/historical-archive/get-file?url=https%3A%2F%2Fdata.weather.gov.hk%2FweatherAPI%2Fhko_data%2FF3%2FGridded_rainfall_nowcast.csv&time=20231201
2026-06-08 22:08:24,164 [INFO] Verify SSL: True
2026-06-08 22:08:24,164 [INFO] Station lat/lon: 22.3019, 114.1742; radius_km=5.00
2026-06-08 22:08:24,165 [INFO] Downloading: https://app.data.gov.hk/v1/historical-archive/get-file?url=https%3A%2F%2Fdata.weather.gov.hk%2FweatherAPI%2Fhko_data%2FF3%2FGridded_rainfall_nowcast.csv&time=20231201
2026-06-08 22:08:30,024 [INFO] Download result: {'status': 'downloaded', 'http_status': 200, 'zip_path': 'data\\raw_zip\\rainfall_nowcast\\gridded_rainfall_nowcast_20231201.zip', 'size_bytes': 535274835, 'url': 'https://app.data.gov.hk/v1/historical-archive/get-file?url=https%3A%2F%2Fdata.weather.gov.hk%2FweatherAPI%2Fhko_data%2FF3%2FGridded_rainfall_nowcast.csv&time=20231201'}
2026-06-08 22:08:30,054 [INFO] ZIP members selected: 2976
2026-06-08 22:08:55,570 [INFO] Processed members: 100/2976
2026-06-08 22:09:19,976 [INFO] Processed members: 200/2976
2026-06-08 22:09:45,894 [INFO] Processed members: 300/2976
2026-06-08 22:10:11,654 [INFO] Processed members: 400/2976
2026-06-08 22:10:37,447 [INFO] Processed members: 500/2976
2026-06-08 22:11:03,274 [INFO] Processed members: 600/2976
2026-06-08 22:11:28,983 [INFO] Processed members: 700/2976
2026-06-08 22:11:54,666 [INFO] Processed members: 800/2976
2026-06-08 22:12:20,384 [INFO] Processed members: 900/2976
2026-06-08 22:12:46,214 [INFO] Processed members: 1000/2976
2026-06-08 22:13:13,330 [INFO] Processed members: 1100/2976
2026-06-08 22:13:40,442 [INFO] Processed members: 1200/2976
2026-06-08 22:14:08,896 [INFO] Processed members: 1300/2976
2026-06-08 22:14:38,245 [INFO] Processed members: 1400/2976
2026-06-08 22:15:10,167 [INFO] Processed members: 1500/2976
2026-06-08 22:15:43,234 [INFO] Processed members: 1600/2976
2026-06-08 22:16:13,985 [INFO] Processed members: 1700/2976
2026-06-08 22:16:45,263 [INFO] Processed members: 1800/2976
2026-06-08 22:17:18,189 [INFO] Processed members: 1900/2976
2026-06-08 22:17:50,276 [INFO] Processed members: 2000/2976
2026-06-08 22:18:26,444 [INFO] Processed members: 2100/2976
2026-06-08 22:18:57,110 [INFO] Processed members: 2200/2976
2026-06-08 22:19:29,383 [INFO] Processed members: 2300/2976
2026-06-08 22:20:05,272 [INFO] Processed members: 2400/2976
2026-06-08 22:20:43,125 [INFO] Processed members: 2500/2976
2026-06-08 22:21:19,195 [INFO] Processed members: 2600/2976
2026-06-08 22:21:50,100 [INFO] Processed members: 2700/2976
2026-06-08 22:22:21,547 [INFO] Processed members: 2800/2976
2026-06-08 22:22:55,729 [INFO] Processed members: 2900/2976
2026-06-08 22:23:21,385 [INFO] Summary: {'status': 'completed', 'archive_id': '20231201', 'resolved_time_key': '20231201', 'download_result': {'status': 'downloaded', 'http_status': 200, 'zip_path': 'data\\raw_zip\\rainfall_nowcast\\gridded_rainfall_nowcast_20231201.zip', 'size_bytes': 535274835, 'url': 'https://app.data.gov.hk/v1/historical-archive/get-file?url=https%3A%2F%2Fdata.weather.gov.hk%2FweatherAPI%2Fhko_data%2FF3%2FGridded_rainfall_nowcast.csv&time=20231201'}, 'station_lat': 22.301944444444445, 'station_lon': 114.17416666666666, 'radius_km': 5.0, 'member_count': 2976, 'member_status_counts': {'processed': 2976}, 'long_rows': 11904, 'wide_rows': 2976, 'manifest_path': 'reports\\rainfall_nowcast\\member_manifest_20231201.parquet', 'nearest_grid_path': 'reports\\rainfall_nowcast\\nearest_hko_grid_points_20231201.csv', 'long_features_path': 'data\\features\\rainfall_nowcast\\rainfall_nowcast_station_features_long_20231201.parquet', 'wide_features_path': 'data\\features\\rainfall_nowcast\\rainfall_nowcast_station_features_wide_20231201.parquet'}
2026-06-08 22:23:21,438 [INFO] Deleted ZIP because --keep-zip was not set: data\raw_zip\rainfall_nowcast\gridded_rainfall_nowcast_20231201.zip
